
╔════════════════════════════════════════════════════════════════╗
║  Targeted 21 CFR Part 11 Generation — 50 items                 ║
╚════════════════════════════════════════════════════════════════╝

────────────────────────────────────────────────────────────────
  Stage 1 — Generating 50 Targeted 21 CFR Part 11 Items
────────────────────────────────────────────────────────────────
  [TaskGenerator] [1/50] Generated 21CFR11 targeted task TASK-21CFR11-CFC59123  ( 11 — Hybrid Systems: Predicate Record Designation)
  [TaskGenerator] [2/50] Generated 21CFR11 targeted task TASK-21CFR11-1B928510  ( System: Post-1997 Modifications and Re-validation)
  [TaskGenerator] [3/50] Generated 21CFR11 targeted task TASK-21CFR11-B9A967DF  (Audit Trail: System-Initiated Changes Not Captured)
  [TaskGenerator] [4/50] Generated 21CFR11 targeted task TASK-21CFR11-74851820  ( — Electronic Signature: Missing Meaning Component)
  [TaskGenerator] [5/50] Generated 21CFR11 targeted task TASK-21CFR11-80DBBCBA  (1 — Open System: Encryption and Integrity Controls)
  [TaskGenerator] [6/50] Generated 21CFR11 targeted task TASK-21CFR11-597C62CF  (em: Wet-Ink Signature on Printed Electronic Record)
  [TaskGenerator] [7/50] Generated 21CFR11 targeted task TASK-21CFR11-6C5E0F60  (Change Control: OS Patch Without Impact Assessment)
  [TaskGenerator] [8/50] Generated 21CFR11 targeted task TASK-21CFR11-70E77590  (ion: Bulk Audit Entry vs. Field-Level Traceability)
  [TaskGenerator] [9/50] Generated 21CFR11 targeted task TASK-21CFR11-25716E8C  (ule Primacy: GLP Archive Accessibility (21 CFR 58))
  [TaskGenerator] [10/50] Generated 21CFR11 targeted task TASK-21CFR11-60213430  (tem: Access Control Gaps for Post-Validation Roles)
  [TaskGenerator] [11/50] Generated 21CFR11 targeted task TASK-21CFR11-61B51877  ( 11 — Hybrid Systems: Predicate Record Designation)
  [TaskGenerator] [12/50] Generated 21CFR11 targeted task TASK-21CFR11-F3AA57D7  ( System: Post-1997 Modifications and Re-validation)
  [TaskGenerator] [13/50] Generated 21CFR11 targeted task TASK-21CFR11-54267513  (Audit Trail: System-Initiated Changes Not Captured)
  [TaskGenerator] [14/50] Generated 21CFR11 targeted task TASK-21CFR11-72CCFA15  ( — Electronic Signature: Missing Meaning Component)
  [TaskGenerator] [15/50] Generated 21CFR11 targeted task TASK-21CFR11-D20BABB3  (1 — Open System: Encryption and Integrity Controls)
