
╔════════════════════════════════════════════════════════════════╗
║  Full-Bank Recalibration — All Tasks                           ║
╚════════════════════════════════════════════════════════════════╝

  Tasks to recalibrate : 1123
  Retention thresholds  : P ∈ [0.05, 0.95]
  API calls (est.)      : 33,690

  Starting recalibration…

  [   1/1123] TASK-21CFR11-4E75161C  P=0.733  b=-1.012  RETAINED  (replaced 1 old row(s))
  [   2/1123] TASK-GCP_DEVIATION-E210E752  P=0.467  b=+0.134  RETAINED  (replaced 1 old row(s))
  [   3/1123] TASK-PROMO_REVIEW-F60F4F1A  P=0.733  b=-1.012  RETAINED  (replaced 1 old row(s))
  [   4/1123] TASK-21CFR11-4236491D  P=0.667  b=-0.693  RETAINED  (replaced 1 old row(s))
  [   5/1123] TASK-GCP_DEVIATION-3B06ACE6  P=0.467  b=+0.134  RETAINED  (replaced 1 old row(s))
  [   6/1123] TASK-PROMO_REVIEW-34F304A7  P=0.133  b=+1.872  RETAINED  (replaced 1 old row(s))
  [   7/1123] TASK-GMP_DEVIATION-8C7CCB37  P=0.200  b=+1.386  RETAINED  (replaced 1 old row(s))
  [   8/1123] TASK-INFORMED_CONSENT-54C27AFD  P=0.667  b=-0.693  RETAINED  (replaced 1 old row(s))
  [   9/1123] TASK-21CFR11-84BF6809  P=0.533  b=-0.134  RETAINED  (replaced 1 old row(s))
  [  10/1123] TASK-GCP_DEVIATION-183C8C2E  P=0.067  b=+2.639  RETAINED  (replaced 1 old row(s))
  [  11/1123] TASK-PROMO_REVIEW-4B050CE2  P=0.600  b=-0.406  RETAINED  (replaced 1 old row(s))
  [  12/1123] TASK-GMP_DEVIATION-BE040377  P=0.400  b=+0.406  RETAINED  (replaced 1 old row(s))
  [  13/1123] TASK-INFORMED_CONSENT-85463860  P=0.467  b=+0.134  RETAINED  (replaced 1 old row(s))
  [  14/1123] TASK-21CFR11-93FDA7B7  P=0.667  b=-0.693  RETAINED  (replaced 1 old row(s))
  [  15/1123] TASK-21CFR11-9D77471C  P=0.600  b=-0.406  RETAINED  (replaced 1 old row(s))
  [  16/1123] TASK-GCP_DEVIATION-E42D4962  P=0.000  b=+4.595  DISCARDED  (replaced 1 old row(s))
  [  17/1123] TASK-PROMO_REVIEW-B12193BC  P=0.667  b=-0.693  RETAINED  (replaced 1 old row(s))
  [  18/1123] TASK-21CFR11-21B7D369  P=0.600  b=-0.406  RETAINED  (replaced 1 old row(s))
  [  19/1123] TASK-GCP_DEVIATION-9E99DEEB  P=0.000  b=+4.595  DISCARDED  (replaced 1 old row(s))
  [  20/1123] TASK-PROMO_REVIEW-9994D962  P=0.800  b=-1.386  RETAINED  (replaced 1 old row(s))
  [  21/1123] TASK-21CFR11-A5313D8D  P=0.800  b=-1.386  RETAINED  (replaced 1 old row(s))
  [  22/1123] TASK-GCP_DEVIATION-CB8646A7  P=0.333  b=+0.693  RETAINED  (replaced 1 old row(s))
  [  23/1123] TASK-PROMO_REVIEW-A284CA4F  P=0.267  b=+1.012  RETAINED  (replaced 1 old row(s))
  [  24/1123] TASK-21CFR11-843823AA  P=0.733  b=-1.012  RETAINED  (replaced 1 old row(s))
  [  25/1123] TASK-21CFR11-6921C3D1  P=0.467  b=+0.134  RETAINED  (replaced 1 old row(s))
  [  26/1123] TASK-GCP_DEVIATION-AEA0A2D5  P=0.400  b=+0.406  RETAINED  (replaced 1 old row(s))
  [  27/1123] TASK-EASY_TRAINING-57ED5D71  P=1.000  b=-4.595  RETAINED  (replaced 1 old row(s))
  [  28/1123] TASK-EASY_CONSENT-44357556  P=1.000  b=-4.595  RETAINED  (replaced 1 old row(s))
  [  29/1123] TASK-REAL-GMP_DEVI-89DEDEDA  P=0.600  b=-0.406  RETAINED  (replaced 1 old row(s))
  [  30/1123] TASK-REAL-GMP_DEVI-18C48183  P=0.600  b=-0.406  RETAINED  (replaced 1 old row(s))
  [  31/1123] TASK-REAL-GMP_DEVI-CED120B3  P=0.400  b=+0.406  RETAINED  (replaced 1 old row(s))
  [  32/1123] TASK-REAL-GMP_DEVI-5864B659  P=0.600  b=-0.406  RETAINED  (replaced 1 old row(s))
  [  33/1123] TASK-REAL-GMP_DEVI-5BCFBFF2  P=0.600  b=-0.406  RETAINED  (replaced 1 old row(s))
  [  34/1123] TASK-REAL-21CFR11-1EEC4F37  P=0.333  b=+0.693  RETAINED  (replaced 1 old row(s))
  [  35/1123] TASK-REAL-GCP_DEVI-F4BC665A  P=0.533  b=-0.134  RETAINED  (replaced 1 old row(s))
  [  36/1123] TASK-REAL-INFORMED-AB548FF5  P=0.200  b=+1.386  RETAINED  (replaced 1 old row(s))
  [  37/1123] TASK-REAL-GCP_DEVI-B5A8C083  P=0.333  b=+0.693  RETAINED  (replaced 1 old row(s))
  [  38/1123] TASK-REAL-INFORMED-8BA05095  P=0.800  b=-1.386  RETAINED  (replaced 1 old row(s))
  [  39/1123] TASK-REAL-INFORMED-09A7D569  P=0.533  b=-0.134  RETAINED  (replaced 1 old row(s))
  [  40/1123] TASK-REAL-GMP_DEVI-E66D9170  P=0.800  b=-1.386  RETAINED  (replaced 1 old row(s))
  [  41/1123] TASK-REAL-PROMO_RE-F6C4606E  P=0.467  b=+0.134  RETAINED  (replaced 1 old row(s))
  [  42/1123] TASK-REAL-PROMO_RE-91BC68A0  P=0.000  b=+4.595  DISCARDED  (replaced 1 old row(s))
  [  43/1123] TASK-REAL-PROMO_RE-0FD312B0  P=0.467  b=+0.134  RETAINED  (replaced 1 old row(s))
  [  44/1123] TASK-REAL-GMP_DEVI-28E134C3  P=0.600  b=-0.406  RETAINED  (replaced 1 old row(s))
  [  45/1123] TASK-REAL-GMP_DEVI-F9EB1FF8  P=0.200  b=+1.386  RETAINED  (replaced 1 old row(s))
  [  46/1123] TASK-REAL-GMP_DEVI-0A0D82FE  P=0.600  b=-0.406  RETAINED  (replaced 1 old row(s))
  [  47/1123] TASK-REAL-GMP_DEVI-61444C89  P=0.600  b=-0.406  RETAINED  (replaced 1 old row(s))
  [  48/1123] TASK-REAL-GMP_DEVI-3B40BD94  P=0.600  b=-0.406  RETAINED  (replaced 1 old row(s))
  [  49/1123] TASK-REAL-GMP_DEVI-E23A7B2A  P=0.600  b=-0.406  RETAINED  (replaced 1 old row(s))
  [  50/1123] TASK-REAL-GCP_DEVI-FF986F35  P=0.267  b=+1.012  RETAINED  (replaced 1 old row(s))

  ── Checkpoint 50/1123: 47 retained so far ──

  [  51/1123] TASK-REAL-GCP_DEVI-2859F130  P=0.600  b=-0.406  RETAINED  (replaced 1 old row(s))
  [  52/1123] TASK-REAL-GCP_DEVI-BA608A2F  P=0.467  b=+0.134  RETAINED  (replaced 1 old row(s))
  [  53/1123] TASK-REAL-GMP_DEVI-FD94403C  P=0.600  b=-0.406  RETAINED  (replaced 1 old row(s))
  [  54/1123] TASK-REAL-GMP_DEVI-1246C730  P=0.267  b=+1.012  RETAINED  (replaced 1 old row(s))
  [  55/1123] TASK-REAL-GMP_DEVI-7C62127A  P=0.600  b=-0.406  RETAINED  (replaced 1 old row(s))
  [  56/1123] TASK-REAL-GMP_DEVI-8780C0F9  P=0.467  b=+0.134  RETAINED  (replaced 1 old row(s))
  [  57/1123] TASK-REAL-GMP_DEVI-0BCD6D81  P=0.600  b=-0.406  RETAINED  (replaced 1 old row(s))
  [  58/1123] TASK-REAL-GMP_DEVI-6F426B87  P=0.267  b=+1.012  RETAINED  (replaced 1 old row(s))
  [  59/1123] TASK-REAL-GMP_DEVI-F3615F0C  P=0.600  b=-0.406  RETAINED  (replaced 1 old row(s))
  [  60/1123] TASK-REAL-GMP_DEVI-961A6529  P=0.533  b=-0.134  RETAINED  (replaced 1 old row(s))
  [  61/1123] TASK-REAL-GMP_DEVI-D1A1BC22  P=0.133  b=+1.872  RETAINED  (replaced 1 old row(s))
  [  62/1123] TASK-REAL-GMP_DEVI-23814A19  P=0.600  b=-0.406  RETAINED  (replaced 1 old row(s))
  [  63/1123] TASK-REAL-GMP_DEVI-DAAFF2E4  P=0.600  b=-0.406  RETAINED  (replaced 1 old row(s))
  [  64/1123] TASK-REAL-GMP_DEVI-4A7F7B5F  P=0.400  b=+0.406  RETAINED  (replaced 1 old row(s))
  [  65/1123] TASK-REAL-GCP_DEVI-84B42BC9  P=0.400  b=+0.406  RETAINED  (replaced 1 old row(s))
  [  66/1123] TASK-REAL-GCP_DEVI-6803A983  P=0.133  b=+1.872  RETAINED  (replaced 1 old row(s))
  [  67/1123] TASK-REAL-GCP_DEVI-C18A0A4F  P=0.067  b=+2.639  RETAINED  (replaced 1 old row(s))
  [  68/1123] TASK-REAL-GCP_DEVI-9B87C798  P=0.533  b=-0.134  RETAINED  (replaced 1 old row(s))
  [  69/1123] TASK-REAL-GCP_DEVI-9ABB1C53  P=0.467  b=+0.134  RETAINED  (replaced 1 old row(s))
  [  70/1123] TASK-REAL-GCP_DEVI-CCD4C53F  P=0.533  b=-0.134  RETAINED  (replaced 1 old row(s))
  [  71/1123] TASK-REAL-GCP_DEVI-B74E5C71  P=0.600  b=-0.406  RETAINED  (replaced 1 old row(s))
  [  72/1123] TASK-REAL-GCP_DEVI-60BC65CA  P=0.133  b=+1.872  RETAINED  (replaced 1 old row(s))
  [  73/1123] TASK-REAL-INFORMED-B2CC16F0  P=0.000  b=+4.595  DISCARDED  (replaced 1 old row(s))
  [  74/1123] TASK-REAL-GCP_DEVI-EEBC62EB  P=0.533  b=-0.134  RETAINED  (replaced 1 old row(s))
  [  75/1123] TASK-REAL-GCP_DEVI-28EC465B  P=0.200  b=+1.386  RETAINED  (replaced 1 old row(s))
  [  76/1123] TASK-REAL-GCP_DEVI-4BD182C0  P=0.467  b=+0.134  RETAINED  (replaced 1 old row(s))
  [  77/1123] TASK-REAL-GCP_DEVI-C2E5DBB1  P=0.467  b=+0.134  RETAINED  (replaced 1 old row(s))
  [  78/1123] TASK-REAL-GCP_DEVI-D2B95CEF  P=0.533  b=-0.134  RETAINED  (replaced 1 old row(s))
  [  79/1123] TASK-REAL-GCP_DEVI-0C453071  P=0.667  b=-0.693  RETAINED  (replaced 1 old row(s))
  [  80/1123] TASK-REAL-GCP_DEVI-AAB80B81  P=0.333  b=+0.693  RETAINED  (replaced 1 old row(s))
  [  81/1123] TASK-21CFR11-04009328  P=1.000  b=-4.595  RETAINED  (replaced 1 old row(s))
  [  82/1123] TASK-GCP_DEVIATION-821078D4  P=0.067  b=+2.639  RETAINED  (replaced 1 old row(s))
  [  83/1123] TASK-PROMO_REVIEW-A130A284  P=0.533  b=-0.134  RETAINED  (replaced 1 old row(s))
  [  84/1123] TASK-GMP_DEVIATION-EC4F7E3C  P=0.400  b=+0.406  RETAINED  (replaced 1 old row(s))
  [  85/1123] TASK-INFORMED_CONSENT-E987730C  P=0.467  b=+0.134  RETAINED  (replaced 1 old row(s))
  [  86/1123] TASK-EASY_TRAINING-64535E96  P=0.933  b=-2.639  RETAINED  (replaced 1 old row(s))
  [  87/1123] TASK-EASY_CONSENT-4B834905  P=0.800  b=-1.386  RETAINED  (replaced 1 old row(s))
  [  88/1123] TASK-21CFR11-FCDBB91E  P=1.000  b=-4.595  RETAINED  (replaced 1 old row(s))
  [  89/1123] TASK-GCP_DEVIATION-3A617D9E  P=0.467  b=+0.134  RETAINED  (replaced 1 old row(s))
  [  90/1123] TASK-PROMO_REVIEW-438953E6  P=0.067  b=+2.639  RETAINED  (replaced 1 old row(s))
  [  91/1123] TASK-GMP_DEVIATION-B06AAF1F  P=0.000  b=+4.595  DISCARDED  (replaced 1 old row(s))
  [  92/1123] TASK-INFORMED_CONSENT-483871B5  P=0.000  b=+4.595  DISCARDED  (replaced 1 old row(s))
  [  93/1123] TASK-EASY_TRAINING-1AD1BDFE  P=1.000  b=-4.595  RETAINED  (replaced 1 old row(s))
  [  94/1123] TASK-EASY_CONSENT-3F809C0B  P=0.800  b=-1.386  RETAINED  (replaced 1 old row(s))
  [  95/1123] TASK-21CFR11-95E63B30  P=0.533  b=-0.134  RETAINED  (replaced 1 old row(s))
  [  96/1123] TASK-GCP_DEVIATION-3A7FF777  P=0.800  b=-1.386  RETAINED  (replaced 1 old row(s))
  [  97/1123] TASK-PROMO_REVIEW-AE6A0E05  P=0.333  b=+0.693  RETAINED  (replaced 1 old row(s))
  [  98/1123] TASK-GMP_DEVIATION-0B22A058  P=0.800  b=-1.386  RETAINED  (replaced 1 old row(s))
  [  99/1123] TASK-INFORMED_CONSENT-18772575  P=0.200  b=+1.386  RETAINED  (replaced 1 old row(s))
  [ 100/1123] TASK-EASY_TRAINING-9A83608F  P=1.000  b=-4.595  RETAINED  (replaced 1 old row(s))

  ── Checkpoint 100/1123: 94 retained so far ──

  [ 101/1123] TASK-EASY_CONSENT-FEED54CF  P=0.333  b=+0.693  RETAINED  (replaced 1 old row(s))
  [ 102/1123] TASK-21CFR11-9E87572F  P=0.733  b=-1.012  RETAINED  (replaced 1 old row(s))
  [ 103/1123] TASK-GCP_DEVIATION-F5B30394  P=0.000  b=+4.595  DISCARDED  (replaced 1 old row(s))
  [ 104/1123] TASK-PROMO_REVIEW-6F03A22A  P=0.067  b=+2.639  RETAINED  (replaced 1 old row(s))
  [ 105/1123] TASK-GMP_DEVIATION-02219CA7  P=0.067  b=+2.639  RETAINED  (replaced 1 old row(s))
  [ 106/1123] TASK-INFORMED_CONSENT-BC006F97  P=0.000  b=+4.595  DISCARDED  (replaced 1 old row(s))
  [ 107/1123] TASK-EASY_TRAINING-F433F1A8  P=1.000  b=-4.595  RETAINED  (replaced 1 old row(s))
  [ 108/1123] TASK-EASY_CONSENT-81C36048  P=0.800  b=-1.386  RETAINED  (replaced 1 old row(s))
  [ 109/1123] TASK-21CFR11-6A61CA12  P=0.267  b=+1.012  RETAINED  (replaced 1 old row(s))
  [ 110/1123] TASK-GCP_DEVIATION-D058FE3C  P=0.000  b=+4.595  DISCARDED  (replaced 1 old row(s))
  [ 111/1123] TASK-PROMO_REVIEW-F1B97F59  P=0.400  b=+0.406  RETAINED  (replaced 1 old row(s))
  [ 112/1123] TASK-GMP_DEVIATION-C250603C  P=0.267  b=+1.012  RETAINED  (replaced 1 old row(s))
  [ 113/1123] TASK-INFORMED_CONSENT-5F170FA1  P=0.467  b=+0.134  RETAINED  (replaced 1 old row(s))
  [ 114/1123] TASK-EASY_TRAINING-F39915C4  P=1.000  b=-4.595  RETAINED  (replaced 1 old row(s))
  [ 115/1123] TASK-EASY_CONSENT-BCDF5C84  P=0.733  b=-1.012  RETAINED  (replaced 1 old row(s))
  [ 116/1123] TASK-21CFR11-5755BFC7  P=0.667  b=-0.693  RETAINED  (replaced 1 old row(s))
  [ 117/1123] TASK-GCP_DEVIATION-A05A41FF  P=0.000  b=+4.595  DISCARDED  (replaced 1 old row(s))
  [ 118/1123] TASK-PROMO_REVIEW-31AB2988  P=0.867  b=-1.872  RETAINED  (replaced 1 old row(s))
  [ 119/1123] TASK-GMP_DEVIATION-3488F32E  P=0.000  b=+4.595  DISCARDED  (replaced 1 old row(s))
  [ 120/1123] TASK-INFORMED_CONSENT-EA69725D  P=0.467  b=+0.134  RETAINED  (replaced 1 old row(s))
  [ 121/1123] TASK-EASY_TRAINING-366DEBED  P=1.000  b=-4.595  RETAINED  (replaced 1 old row(s))
  [ 122/1123] TASK-EASY_CONSENT-D5E7DC6D  P=0.867  b=-1.872  RETAINED  (replaced 1 old row(s))
  [ 123/1123] TASK-REAL-GMP_DEVI-031AE59F  P=0.600  b=-0.406  RETAINED  (replaced 1 old row(s))
  [ 124/1123] TASK-REAL-GMP_DEVI-D077E18F  P=0.800  b=-1.386  RETAINED  (replaced 1 old row(s))
  [ 125/1123] TASK-REAL-GMP_DEVI-2C6DAAC4  P=0.533  b=-0.134  RETAINED  (replaced 1 old row(s))
  [ 126/1123] TASK-REAL-GMP_DEVI-70878C2B  P=0.133  b=+1.872  RETAINED  (replaced 1 old row(s))
  [ 127/1123] TASK-21CFR11-BDC0DE19  P=0.667  b=-0.693  RETAINED  (replaced 1 old row(s))
  [ 128/1123] TASK-GCP_DEVIATION-66E0411C  P=0.000  b=+4.595  DISCARDED  (replaced 1 old row(s))
  [ 129/1123] TASK-PROMO_REVIEW-DEC81CA5  P=0.600  b=-0.406  RETAINED  (replaced 1 old row(s))
  [ 130/1123] TASK-GMP_DEVIATION-F7F720C4  P=0.000  b=+4.595  DISCARDED  (replaced 1 old row(s))
  [ 131/1123] TASK-INFORMED_CONSENT-F9889E5D  P=0.000  b=+4.595  DISCARDED  (replaced 1 old row(s))
  [ 132/1123] TASK-EASY_TRAINING-42BEBF51  P=1.000  b=-4.595  RETAINED  (replaced 1 old row(s))
  [ 133/1123] TASK-EASY_CONSENT-BA31D97F  P=0.867  b=-1.872  RETAINED  (replaced 1 old row(s))
  [ 134/1123] TASK-REAL-GMP_DEVI-261ADB51  P=0.400  b=+0.406  RETAINED  (replaced 1 old row(s))
  [ 135/1123] TASK-REAL-GMP_DEVI-FAE2CE26  P=0.200  b=+1.386  RETAINED  (replaced 1 old row(s))
  [ 136/1123] TASK-REAL-GMP_DEVI-743E140B  P=0.400  b=+0.406  RETAINED  (replaced 1 old row(s))
  [ 137/1123] TASK-REAL-GMP_DEVI-63736B9F  P=0.333  b=+0.693  RETAINED  (replaced 1 old row(s))
  [ 138/1123] TASK-REAL-INFORMED-C0DEDB98  P=0.800  b=-1.386  RETAINED  (replaced 1 old row(s))
  [ 139/1123] TASK-REAL-INFORMED-808E4ACD  P=0.600  b=-0.406  RETAINED  (replaced 1 old row(s))
  [ 140/1123] TASK-REAL-GCP_DEVI-69CF3CFE  P=0.800  b=-1.386  RETAINED  (replaced 1 old row(s))
  [ 141/1123] TASK-REAL-GCP_DEVI-BA22D081  P=0.733  b=-1.012  RETAINED  (replaced 1 old row(s))
  [ 142/1123] TASK-21CFR11-94844C7B  P=0.600  b=-0.406  RETAINED  (replaced 1 old row(s))
  [ 143/1123] TASK-GCP_DEVIATION-8033FFC8  P=0.800  b=-1.386  RETAINED  (replaced 1 old row(s))
  [ 144/1123] TASK-PROMO_REVIEW-B9DA0F1E  P=0.200  b=+1.386  RETAINED  (replaced 1 old row(s))
  [ 145/1123] TASK-GMP_DEVIATION-0A8DFF90  P=0.000  b=+4.595  DISCARDED  (replaced 1 old row(s))
  [ 146/1123] TASK-INFORMED_CONSENT-D059A6F5  P=0.400  b=+0.406  RETAINED  (replaced 1 old row(s))
  [ 147/1123] TASK-EASY_TRAINING-960C4433  P=1.000  b=-4.595  RETAINED  (replaced 1 old row(s))
  [ 148/1123] TASK-EASY_CONSENT-889F4B22  P=0.667  b=-0.693  RETAINED  (replaced 1 old row(s))
  [ 149/1123] TASK-REAL-GCP_DEVI-6669CFB4  P=0.600  b=-0.406  RETAINED  (replaced 1 old row(s))
  [ 150/1123] TASK-REAL-GCP_DEVI-BC8F56AF  P=0.533  b=-0.134  RETAINED  (replaced 1 old row(s))

  ── Checkpoint 150/1123: 135 retained so far ──

  [ 151/1123] TASK-REAL-GCP_DEVI-0670EF9C  P=0.600  b=-0.406  RETAINED  (replaced 1 old row(s))
  [ 152/1123] TASK-REAL-GCP_DEVI-A0DE66D1  P=0.000  b=+4.595  DISCARDED  (replaced 1 old row(s))
  [ 153/1123] TASK-21CFR11-3CE75965  P=0.533  b=-0.134  RETAINED  (replaced 1 old row(s))
  [ 154/1123] TASK-GCP_DEVIATION-2B9CDDF5  P=0.133  b=+1.872  RETAINED  (replaced 1 old row(s))
  [ 155/1123] TASK-PROMO_REVIEW-65CB520D  P=0.400  b=+0.406  RETAINED  (replaced 1 old row(s))
  [ 156/1123] TASK-GMP_DEVIATION-9EB22B71  P=0.333  b=+0.693  RETAINED  (replaced 1 old row(s))
  [ 157/1123] TASK-INFORMED_CONSENT-FEA8887A  P=0.267  b=+1.012  RETAINED  (replaced 1 old row(s))
  [ 158/1123] TASK-EASY_TRAINING-2DD42A5D  P=1.000  b=-4.595  RETAINED  (replaced 1 old row(s))
  [ 159/1123] TASK-EASY_CONSENT-C5E8F1B9  P=0.733  b=-1.012  RETAINED  (replaced 1 old row(s))
  [ 160/1123] TASK-21CFR11-6691B9BA  P=0.533  b=-0.134  RETAINED  (replaced 1 old row(s))
  [ 161/1123] TASK-GCP_DEVIATION-EBF38A62  P=0.133  b=+1.872  RETAINED  (replaced 1 old row(s))
  [ 162/1123] TASK-PROMO_REVIEW-F7D94B11  P=0.000  b=+4.595  DISCARDED  (replaced 1 old row(s))
  [ 163/1123] TASK-GMP_DEVIATION-DD258B4F  P=0.467  b=+0.134  RETAINED  (replaced 1 old row(s))
  [ 164/1123] TASK-INFORMED_CONSENT-8F328FB7  P=0.200  b=+1.386  RETAINED  (replaced 1 old row(s))
  [ 165/1123] TASK-EASY_TRAINING-4ED36BF5  P=0.933  b=-2.639  RETAINED  (replaced 1 old row(s))
  [ 166/1123] TASK-EASY_CONSENT-386F85C9  P=0.600  b=-0.406  RETAINED  (replaced 1 old row(s))
  [ 167/1123] TASK-REAL-PROMO_RE-07BDC214  P=0.200  b=+1.386  RETAINED  (replaced 1 old row(s))
  [ 168/1123] TASK-REAL-PROMO_RE-BC108A93  P=0.800  b=-1.386  RETAINED  (replaced 1 old row(s))
  [ 169/1123] TASK-REAL-PROMO_RE-CD21FFA0  P=0.600  b=-0.406  RETAINED  (replaced 1 old row(s))
  [ 170/1123] TASK-REAL-PROMO_RE-477CEB88  P=0.467  b=+0.134  RETAINED  (replaced 1 old row(s))
  [ 171/1123] TASK-REAL-PROMO_RE-D1A73131  P=0.000  b=+4.595  DISCARDED  (replaced 1 old row(s))
  [ 172/1123] TASK-REAL-PROMO_RE-22C434E2  P=0.467  b=+0.134  RETAINED  (replaced 1 old row(s))
  [ 173/1123] TASK-REAL-PROMO_RE-2BE51DAC  P=0.800  b=-1.386  RETAINED  (replaced 1 old row(s))
  [ 174/1123] TASK-21CFR11-C9B4568B  P=1.000  b=-4.595  RETAINED  (replaced 1 old row(s))
  [ 175/1123] TASK-GCP_DEVIATION-2646E051  P=0.400  b=+0.406  RETAINED  (replaced 1 old row(s))
  [ 176/1123] TASK-PROMO_REVIEW-007EB74E  P=0.067  b=+2.639  RETAINED  (replaced 1 old row(s))
  [ 177/1123] TASK-GMP_DEVIATION-348C62D8  P=0.467  b=+0.134  RETAINED  (replaced 1 old row(s))
  [ 178/1123] TASK-INFORMED_CONSENT-DFBDA822  P=0.533  b=-0.134  RETAINED  (replaced 1 old row(s))
  [ 179/1123] TASK-EASY_TRAINING-134F1FC6  P=1.000  b=-4.595  RETAINED  (replaced 1 old row(s))
  [ 180/1123] TASK-EASY_CONSENT-3F0C2C07  P=0.733  b=-1.012  RETAINED  (replaced 1 old row(s))
  [ 181/1123] TASK-REAL-PROMO_RE-CDD7D0D8  P=0.600  b=-0.406  RETAINED  (replaced 1 old row(s))
  [ 182/1123] TASK-REAL-PROMO_RE-F446A1EB  P=0.000  b=+4.595  DISCARDED  (replaced 1 old row(s))
  [ 183/1123] TASK-REAL-GCP_DEVI-EDA03E92  P=0.467  b=+0.134  RETAINED  (replaced 1 old row(s))
  [ 184/1123] TASK-REAL-INFORMED-507D8E74  P=0.333  b=+0.693  RETAINED  (replaced 1 old row(s))
  [ 185/1123] TASK-REAL-GCP_DEVI-A40749BC  P=0.467  b=+0.134  RETAINED  (replaced 1 old row(s))
  [ 186/1123] TASK-REAL-INFORMED-E29BB99A  P=0.267  b=+1.012  RETAINED  (replaced 1 old row(s))
  [ 187/1123] TASK-REAL-INFORMED-AC234E16  P=0.533  b=-0.134  RETAINED  (replaced 1 old row(s))
  [ 188/1123] TASK-REAL-INFORMED-8D4EFB22  P=0.800  b=-1.386  RETAINED  (replaced 1 old row(s))
  [ 189/1123] TASK-REAL-GMP_DEVI-99F4103B  P=0.800  b=-1.386  RETAINED  (replaced 1 old row(s))
  [ 190/1123] TASK-REAL-GCP_DEVI-471C3698  P=0.400  b=+0.406  RETAINED  (replaced 1 old row(s))
  [ 191/1123] TASK-21CFR11-F78301FA  P=0.800  b=-1.386  RETAINED  (replaced 1 old row(s))
  [ 192/1123] TASK-GCP_DEVIATION-299C1AA1  P=0.267  b=+1.012  RETAINED  (replaced 1 old row(s))
  [ 193/1123] TASK-PROMO_REVIEW-EB622B93  P=0.667  b=-0.693  RETAINED  (replaced 1 old row(s))
  [ 194/1123] TASK-GMP_DEVIATION-0E03C50E  P=0.000  b=+4.595  DISCARDED  (replaced 1 old row(s))
  [ 195/1123] TASK-INFORMED_CONSENT-641AEF9C  P=0.200  b=+1.386  RETAINED  (replaced 1 old row(s))
  [ 196/1123] TASK-EASY_TRAINING-FA27380A  P=1.000  b=-4.595  RETAINED  (replaced 1 old row(s))
  [ 197/1123] TASK-EASY_CONSENT-3F51D07A  P=0.933  b=-2.639  RETAINED  (replaced 1 old row(s))
  [ 198/1123] TASK-REAL-GMP_DEVI-0B6381EC  P=0.600  b=-0.406  RETAINED  (replaced 1 old row(s))
  [ 199/1123] TASK-REAL-GCP_DEVI-DCF2CD89  P=0.600  b=-0.406  RETAINED  (replaced 1 old row(s))
  [ 200/1123] TASK-REAL-GMP_DEVI-40EBFA8C  P=0.467  b=+0.134  RETAINED  (replaced 1 old row(s))

  ── Checkpoint 200/1123: 180 retained so far ──

  [ 201/1123] TASK-REAL-GCP_DEVI-93B63D41  P=0.133  b=+1.872  RETAINED  (replaced 1 old row(s))
  [ 202/1123] TASK-REAL-GMP_DEVI-4156DF21  P=0.267  b=+1.012  RETAINED  (replaced 1 old row(s))
  [ 203/1123] TASK-REAL-GCP_DEVI-CE15BB9A  P=0.533  b=-0.134  RETAINED  (replaced 1 old row(s))
  [ 204/1123] TASK-REAL-GMP_DEVI-CF93D3DF  P=0.600  b=-0.406  RETAINED  (replaced 1 old row(s))
  [ 205/1123] TASK-REAL-GCP_DEVI-33E54548  P=0.600  b=-0.406  RETAINED  (replaced 1 old row(s))
  [ 206/1123] TASK-REAL-GMP_DEVI-2F3E60BD  P=0.533  b=-0.134  RETAINED  (replaced 1 old row(s))
  [ 207/1123] TASK-REAL-GMP_DEVI-D75D3D40  P=0.600  b=-0.406  RETAINED  (replaced 1 old row(s))
  [ 208/1123] TASK-REAL-GMP_DEVI-1892A39C  P=0.533  b=-0.134  RETAINED  (replaced 1 old row(s))
  [ 209/1123] TASK-REAL-GMP_DEVI-CC864334  P=0.200  b=+1.386  RETAINED  (replaced 1 old row(s))
  [ 210/1123] TASK-REAL-GMP_DEVI-3D8B2117  P=0.600  b=-0.406  RETAINED  (replaced 1 old row(s))
  [ 211/1123] TASK-REAL-GMP_DEVI-14D7429C  P=0.600  b=-0.406  RETAINED  (replaced 1 old row(s))
  [ 212/1123] TASK-REAL-GMP_DEVI-4002AEA0  P=0.467  b=+0.134  RETAINED  (replaced 1 old row(s))
  [ 213/1123] TASK-REAL-GMP_DEVI-3D88F451  P=0.400  b=+0.406  RETAINED  (replaced 1 old row(s))
  [ 214/1123] TASK-21CFR11-2ED5EA46  P=0.733  b=-1.012  RETAINED  (replaced 1 old row(s))
  [ 215/1123] TASK-GCP_DEVIATION-8755F0EB  P=0.000  b=+4.595  DISCARDED  (replaced 1 old row(s))
  [ 216/1123] TASK-PROMO_REVIEW-1248F7AD  P=0.333  b=+0.693  RETAINED  (replaced 1 old row(s))
  [ 217/1123] TASK-GMP_DEVIATION-B7A06EE6  P=0.400  b=+0.406  RETAINED  (replaced 1 old row(s))
  [ 218/1123] TASK-INFORMED_CONSENT-B27056D0  P=0.067  b=+2.639  RETAINED  (replaced 1 old row(s))
  [ 219/1123] TASK-EASY_TRAINING-8A6FF248  P=0.800  b=-1.386  RETAINED  (replaced 1 old row(s))
  [ 220/1123] TASK-EASY_CONSENT-1E015271  P=0.933  b=-2.639  RETAINED  (replaced 1 old row(s))
  [ 221/1123] TASK-REAL-GMP_DEVI-5988CB92  P=0.467  b=+0.134  RETAINED  (replaced 1 old row(s))
  [ 222/1123] TASK-REAL-GMP_DEVI-644A165F  P=0.600  b=-0.406  RETAINED  (replaced 1 old row(s))
  [ 223/1123] TASK-REAL-GMP_DEVI-0C76D3ED  P=0.600  b=-0.406  RETAINED  (replaced 1 old row(s))
  [ 224/1123] TASK-REAL-GMP_DEVI-046144A1  P=0.267  b=+1.012  RETAINED  (replaced 1 old row(s))
  [ 225/1123] TASK-21CFR11-FF9FDBA9  P=0.533  b=-0.134  RETAINED  (replaced 1 old row(s))
  [ 226/1123] TASK-GCP_DEVIATION-055FF4D6  P=0.133  b=+1.872  RETAINED  (replaced 1 old row(s))
  [ 227/1123] TASK-PROMO_REVIEW-D3074A5A  P=0.400  b=+0.406  RETAINED  (replaced 1 old row(s))
  [ 228/1123] TASK-GMP_DEVIATION-E535FBE3  P=0.067  b=+2.639  RETAINED  (replaced 1 old row(s))
  [ 229/1123] TASK-INFORMED_CONSENT-AA8EAF35  P=0.000  b=+4.595  DISCARDED  (replaced 1 old row(s))
  [ 230/1123] TASK-EASY_TRAINING-361EC821  P=1.000  b=-4.595  RETAINED  (replaced 1 old row(s))
  [ 231/1123] TASK-EASY_CONSENT-282D9BB7  P=0.867  b=-1.872  RETAINED  (replaced 1 old row(s))
  [ 232/1123] TASK-21CFR11-EA3CE4F7  P=0.800  b=-1.386  RETAINED  (replaced 1 old row(s))
  [ 233/1123] TASK-GCP_DEVIATION-59CD0464  P=0.000  b=+4.595  DISCARDED  (replaced 1 old row(s))
  [ 234/1123] TASK-PROMO_REVIEW-C8F6A340  P=0.533  b=-0.134  RETAINED  (replaced 1 old row(s))
  [ 235/1123] TASK-GMP_DEVIATION-600A3210  P=0.333  b=+0.693  RETAINED  (replaced 1 old row(s))
  [ 236/1123] TASK-INFORMED_CONSENT-A05B66F0  P=0.200  b=+1.386  RETAINED  (replaced 1 old row(s))
  [ 237/1123] TASK-EASY_TRAINING-60D7BDA1  P=1.000  b=-4.595  RETAINED  (replaced 1 old row(s))
  [ 238/1123] TASK-EASY_CONSENT-CCA36302  P=0.600  b=-0.406  RETAINED  (replaced 1 old row(s))
  [ 239/1123] TASK-21CFR11-C3AFA111  P=1.000  b=-4.595  RETAINED  (replaced 1 old row(s))
  [ 240/1123] TASK-GCP_DEVIATION-74A725D4  P=0.533  b=-0.134  RETAINED  (replaced 1 old row(s))
  [ 241/1123] TASK-PROMO_REVIEW-4F761FE5  P=0.067  b=+2.639  RETAINED  (replaced 1 old row(s))
  [ 242/1123] TASK-GMP_DEVIATION-4806480B  P=0.200  b=+1.386  RETAINED  (replaced 1 old row(s))
  [ 243/1123] TASK-INFORMED_CONSENT-5FF5DA58  P=0.267  b=+1.012  RETAINED  (replaced 1 old row(s))
  [ 244/1123] TASK-EASY_TRAINING-396D64E7  P=1.000  b=-4.595  RETAINED  (replaced 1 old row(s))
  [ 245/1123] TASK-21CFR11-E8143335  P=1.000  b=-4.595  RETAINED  (replaced 1 old row(s))
  [ 246/1123] TASK-GCP_DEVIATION-53D20336  P=0.333  b=+0.693  RETAINED  (replaced 1 old row(s))
  [ 247/1123] TASK-PROMO_REVIEW-F307988B  P=0.533  b=-0.134  RETAINED  (replaced 1 old row(s))
  [ 248/1123] TASK-GMP_DEVIATION-39655CAD  P=0.733  b=-1.012  RETAINED  (replaced 1 old row(s))
  [ 249/1123] TASK-INFORMED_CONSENT-3F3218BF  P=0.400  b=+0.406  RETAINED  (replaced 1 old row(s))
  [ 250/1123] TASK-EASY_TRAINING-67418EA8  P=1.000  b=-4.595  RETAINED  (replaced 1 old row(s))

  ── Checkpoint 250/1123: 227 retained so far ──

  [ 251/1123] TASK-21CFR11-69E6899E  P=0.133  b=+1.872  RETAINED  (replaced 1 old row(s))
  [ 252/1123] TASK-GCP_DEVIATION-BB5A432C  P=0.000  b=+4.595  DISCARDED  (replaced 1 old row(s))
  [ 253/1123] TASK-PROMO_REVIEW-5A31FC61  P=0.467  b=+0.134  RETAINED  (replaced 1 old row(s))
  [ 254/1123] TASK-GMP_DEVIATION-78A9A070  P=0.200  b=+1.386  RETAINED  (replaced 1 old row(s))
  [ 255/1123] TASK-INFORMED_CONSENT-B55D22E2  P=0.200  b=+1.386  RETAINED  (replaced 1 old row(s))
  [ 256/1123] TASK-EASY_TRAINING-C8FE86A9  P=1.000  b=-4.595  RETAINED  (replaced 1 old row(s))
  [ 257/1123] TASK-21CFR11-F887B125  P=0.800  b=-1.386  RETAINED  (replaced 1 old row(s))
  [ 258/1123] TASK-GCP_DEVIATION-5EFD2A6E  P=0.400  b=+0.406  RETAINED  (replaced 1 old row(s))
  [ 259/1123] TASK-PROMO_REVIEW-4F9EDC75  P=0.400  b=+0.406  RETAINED  (replaced 1 old row(s))
  [ 260/1123] TASK-GMP_DEVIATION-19DD0C0A  P=0.800  b=-1.386  RETAINED  (replaced 1 old row(s))
  [ 261/1123] TASK-INFORMED_CONSENT-5C1074E3  P=0.133  b=+1.872  RETAINED  (replaced 1 old row(s))
  [ 262/1123] TASK-EASY_TRAINING-6CE65684  P=1.000  b=-4.595  RETAINED  (replaced 1 old row(s))
  [ 263/1123] TASK-21CFR11-BC12BA7B  P=0.800  b=-1.386  RETAINED  (replaced 1 old row(s))
  [ 264/1123] TASK-GCP_DEVIATION-B0B8E751  P=0.533  b=-0.134  RETAINED  (replaced 1 old row(s))
  [ 265/1123] TASK-PROMO_REVIEW-FFA3207A  P=0.600  b=-0.406  RETAINED  (replaced 1 old row(s))
  [ 266/1123] TASK-GMP_DEVIATION-85EB91F2  P=0.333  b=+0.693  RETAINED  (replaced 1 old row(s))
  [ 267/1123] TASK-INFORMED_CONSENT-EA57515A  P=0.267  b=+1.012  RETAINED  (replaced 1 old row(s))
  [ 268/1123] TASK-EASY_TRAINING-6DE027D5  P=0.867  b=-1.872  RETAINED  (replaced 1 old row(s))
  [ 269/1123] TASK-21CFR11-D1B3C14E  P=0.733  b=-1.012  RETAINED  (replaced 1 old row(s))
  [ 270/1123] TASK-GCP_DEVIATION-6A931AC9  P=0.000  b=+4.595  DISCARDED  (replaced 1 old row(s))
  [ 271/1123] TASK-PROMO_REVIEW-FFC61853  P=0.067  b=+2.639  RETAINED  (replaced 1 old row(s))
  [ 272/1123] TASK-GMP_DEVIATION-0E17BD16  P=0.067  b=+2.639  RETAINED  (replaced 1 old row(s))
  [ 273/1123] TASK-INFORMED_CONSENT-9CDF792D  P=0.267  b=+1.012  RETAINED  (replaced 1 old row(s))
  [ 274/1123] TASK-EASY_TRAINING-E43879DD  P=1.000  b=-4.595  RETAINED  (replaced 1 old row(s))
  [ 275/1123] TASK-21CFR11-D6E6E66C  P=1.000  b=-4.595  RETAINED  (replaced 1 old row(s))
  [ 276/1123] TASK-GCP_DEVIATION-83C42E7B  P=0.000  b=+4.595  DISCARDED  (replaced 1 old row(s))
  [ 277/1123] TASK-PROMO_REVIEW-0256E3A9  P=0.333  b=+0.693  RETAINED  (replaced 1 old row(s))
  [ 278/1123] TASK-GMP_DEVIATION-082D4985  P=0.000  b=+4.595  DISCARDED  (replaced 1 old row(s))
  [ 279/1123] TASK-INFORMED_CONSENT-20345BEF  P=0.000  b=+4.595  DISCARDED  (replaced 1 old row(s))
  [ 280/1123] TASK-EASY_TRAINING-5A679F88  P=1.000  b=-4.595  RETAINED  (replaced 1 old row(s))
  [ 281/1123] TASK-21CFR11-4550BF0D  P=0.267  b=+1.012  RETAINED  (replaced 1 old row(s))
  [ 282/1123] TASK-GCP_DEVIATION-1FFEDF4E  P=0.333  b=+0.693  RETAINED  (replaced 1 old row(s))
  [ 283/1123] TASK-PROMO_REVIEW-7977E160  P=0.533  b=-0.134  RETAINED  (replaced 1 old row(s))
  [ 284/1123] TASK-GMP_DEVIATION-12449C74  P=0.000  b=+4.595  DISCARDED  (replaced 1 old row(s))
  [ 285/1123] TASK-INFORMED_CONSENT-4EC8CD1B  P=0.200  b=+1.386  RETAINED  (replaced 1 old row(s))
  [ 286/1123] TASK-EASY_TRAINING-C0EC04C8  P=1.000  b=-4.595  RETAINED  (replaced 1 old row(s))
  [ 287/1123] TASK-21CFR11-26592201  P=0.533  b=-0.134  RETAINED  (replaced 1 old row(s))
  [ 288/1123] TASK-GCP_DEVIATION-BD958CCC  P=0.533  b=-0.134  RETAINED  (replaced 1 old row(s))
  [ 289/1123] TASK-PROMO_REVIEW-26503957  P=0.000  b=+4.595  DISCARDED  (replaced 1 old row(s))
  [ 290/1123] TASK-GMP_DEVIATION-9B9B0D99  P=0.000  b=+4.595  DISCARDED  (replaced 1 old row(s))
  [ 291/1123] TASK-INFORMED_CONSENT-0268B768  P=0.600  b=-0.406  RETAINED  (replaced 1 old row(s))
  [ 292/1123] TASK-EASY_TRAINING-51167C43  P=1.000  b=-4.595  RETAINED  (replaced 1 old row(s))
  [ 293/1123] TASK-21CFR11-1D138918  P=0.600  b=-0.406  RETAINED  (replaced 1 old row(s))
  [ 294/1123] TASK-GCP_DEVIATION-C69395DD  P=0.000  b=+4.595  DISCARDED  (replaced 1 old row(s))
  [ 295/1123] TASK-PROMO_REVIEW-51EAC433  P=0.667  b=-0.693  RETAINED  (replaced 1 old row(s))
  [ 296/1123] TASK-GMP_DEVIATION-DD3F5EFB  P=0.400  b=+0.406  RETAINED  (replaced 1 old row(s))
  [ 297/1123] TASK-INFORMED_CONSENT-F601DB08  P=0.133  b=+1.872  RETAINED  (replaced 1 old row(s))
  [ 298/1123] TASK-EASY_TRAINING-B8B7B628  P=1.000  b=-4.595  RETAINED  (replaced 1 old row(s))
  [ 299/1123] TASK-21CFR11-06B81588  P=0.400  b=+0.406  RETAINED  (replaced 1 old row(s))
  [ 300/1123] TASK-GCP_DEVIATION-955FAC5A  P=0.000  b=+4.595  DISCARDED  (replaced 1 old row(s))

  ── Checkpoint 300/1123: 267 retained so far ──

  [ 301/1123] TASK-PROMO_REVIEW-EA1F78A2  P=0.000  b=+4.595  DISCARDED  (replaced 1 old row(s))
  [ 302/1123] TASK-GMP_DEVIATION-4628642F  P=0.400  b=+0.406  RETAINED  (replaced 1 old row(s))
  [ 303/1123] TASK-INFORMED_CONSENT-2982ED19  P=0.267  b=+1.012  RETAINED  (replaced 1 old row(s))
  [ 304/1123] TASK-EASY_TRAINING-07065D02  P=1.000  b=-4.595  RETAINED  (replaced 1 old row(s))
  [ 305/1123] TASK-21CFR11-E1E2E1F8  P=0.467  b=+0.134  RETAINED  (replaced 1 old row(s))
  [ 306/1123] TASK-GCP_DEVIATION-C9B3699C  P=0.000  b=+4.595  DISCARDED  (replaced 1 old row(s))
  [ 307/1123] TASK-PROMO_REVIEW-2733B620  P=0.400  b=+0.406  RETAINED  (replaced 1 old row(s))
  [ 308/1123] TASK-GMP_DEVIATION-8E58F162  P=0.000  b=+4.595  DISCARDED  (replaced 1 old row(s))
  [ 309/1123] TASK-INFORMED_CONSENT-24124BEB  P=0.333  b=+0.693  RETAINED  (replaced 1 old row(s))
  [ 310/1123] TASK-EASY_TRAINING-FD3A690E  P=1.000  b=-4.595  RETAINED  (replaced 1 old row(s))
  [ 311/1123] TASK-21CFR11-E917DD97  P=0.667  b=-0.693  RETAINED  (replaced 1 old row(s))
  [ 312/1123] TASK-GCP_DEVIATION-20DD06DB  P=0.133  b=+1.872  RETAINED  (replaced 1 old row(s))
  [ 313/1123] TASK-PROMO_REVIEW-50487A7A  P=0.067  b=+2.639  RETAINED  (replaced 1 old row(s))
  [ 314/1123] TASK-GMP_DEVIATION-64F1C831  P=0.533  b=-0.134  RETAINED  (replaced 1 old row(s))
  [ 315/1123] TASK-INFORMED_CONSENT-461B826F  P=0.067  b=+2.639  RETAINED  (replaced 1 old row(s))
  [ 316/1123] TASK-EASY_TRAINING-7F00C4B5  P=0.800  b=-1.386  RETAINED  (replaced 1 old row(s))
  [ 317/1123] TASK-21CFR11-8730B1B3  P=0.533  b=-0.134  RETAINED  (replaced 1 old row(s))
  [ 318/1123] TASK-GCP_DEVIATION-4A6AA473  P=0.467  b=+0.134  RETAINED  (replaced 1 old row(s))
  [ 319/1123] TASK-PROMO_REVIEW-3FBD4169  P=0.400  b=+0.406  RETAINED  (replaced 1 old row(s))
  [ 320/1123] TASK-GMP_DEVIATION-484DF7B9  P=0.400  b=+0.406  RETAINED  (replaced 1 old row(s))
  [ 321/1123] TASK-INFORMED_CONSENT-62985C1D  P=0.067  b=+2.639  RETAINED  (replaced 1 old row(s))
  [ 322/1123] TASK-EASY_TRAINING-90EFE8F1  P=1.000  b=-4.595  RETAINED  (replaced 1 old row(s))
  [ 323/1123] TASK-21CFR11-F1A59533  P=0.400  b=+0.406  RETAINED  (replaced 1 old row(s))
  [ 324/1123] TASK-GCP_DEVIATION-BD04CB29  P=0.000  b=+4.595  DISCARDED  (replaced 1 old row(s))
  [ 325/1123] TASK-PROMO_REVIEW-A616CFCE  P=0.800  b=-1.386  RETAINED  (replaced 1 old row(s))
  [ 326/1123] TASK-GMP_DEVIATION-BCC4E549  P=0.000  b=+4.595  DISCARDED  (replaced 1 old row(s))
  [ 327/1123] TASK-INFORMED_CONSENT-788393C0  P=0.000  b=+4.595  DISCARDED  (replaced 1 old row(s))
  [ 328/1123] TASK-EASY_TRAINING-8C1B5EE1  P=0.933  b=-2.639  RETAINED  (replaced 1 old row(s))
  [ 329/1123] TASK-21CFR11-248F0F38  P=0.333  b=+0.693  RETAINED  (replaced 1 old row(s))
  [ 330/1123] TASK-GCP_DEVIATION-A73F0F7E  P=0.000  b=+4.595  DISCARDED  (replaced 1 old row(s))
  [ 331/1123] TASK-PROMO_REVIEW-757242B8  P=0.400  b=+0.406  RETAINED  (replaced 1 old row(s))
  [ 332/1123] TASK-GMP_DEVIATION-8F00BDFD  P=0.133  b=+1.872  RETAINED  (replaced 1 old row(s))
  [ 333/1123] TASK-INFORMED_CONSENT-A2E905E6  P=0.067  b=+2.639  RETAINED  (replaced 1 old row(s))
  [ 334/1123] TASK-EASY_TRAINING-D9FE0184  P=1.000  b=-4.595  RETAINED  (replaced 1 old row(s))
  [ 335/1123] TASK-21CFR11-2BC92889  P=0.800  b=-1.386  RETAINED  (replaced 1 old row(s))
  [ 336/1123] TASK-GCP_DEVIATION-93B1DCFF  P=0.000  b=+4.595  DISCARDED  (replaced 1 old row(s))
  [ 337/1123] TASK-PROMO_REVIEW-A6800751  P=0.800  b=-1.386  RETAINED  (replaced 1 old row(s))
  [ 338/1123] TASK-GMP_DEVIATION-9BC2B0A7  P=0.400  b=+0.406  RETAINED  (replaced 1 old row(s))
  [ 339/1123] TASK-INFORMED_CONSENT-19457DC0  P=0.333  b=+0.693  RETAINED  (replaced 1 old row(s))
  [ 340/1123] TASK-EASY_TRAINING-D2730A7B  P=1.000  b=-4.595  RETAINED  (replaced 1 old row(s))
  [ 341/1123] TASK-21CFR11-AA573FA6  P=0.400  b=+0.406  RETAINED  (replaced 1 old row(s))
  [ 342/1123] TASK-GCP_DEVIATION-2E2B0FCE  P=0.133  b=+1.872  RETAINED  (replaced 1 old row(s))
  [ 343/1123] TASK-PROMO_REVIEW-548461BD  P=0.400  b=+0.406  RETAINED  (replaced 1 old row(s))
  [ 344/1123] TASK-GMP_DEVIATION-46838A18  P=0.400  b=+0.406  RETAINED  (replaced 1 old row(s))
  [ 345/1123] TASK-INFORMED_CONSENT-2B2B031D  P=0.200  b=+1.386  RETAINED  (replaced 1 old row(s))
  [ 346/1123] TASK-EASY_TRAINING-2FC354C7  P=1.000  b=-4.595  RETAINED  (replaced 1 old row(s))
  [ 347/1123] TASK-21CFR11-A9142BAA  P=0.800  b=-1.386  RETAINED  (replaced 1 old row(s))
  [ 348/1123] TASK-GCP_DEVIATION-051EA61E  P=0.067  b=+2.639  RETAINED  (replaced 1 old row(s))
  [ 349/1123] TASK-PROMO_REVIEW-74E8A2F9  P=0.467  b=+0.134  RETAINED  (replaced 1 old row(s))
  [ 350/1123] TASK-GMP_DEVIATION-5A3886D4  P=0.667  b=-0.693  RETAINED  (replaced 1 old row(s))

  ── Checkpoint 350/1123: 309 retained so far ──

  [ 351/1123] TASK-INFORMED_CONSENT-B04FBBA5  P=0.200  b=+1.386  RETAINED  (replaced 1 old row(s))
  [ 352/1123] TASK-EASY_TRAINING-1F7C8F1C  P=1.000  b=-4.595  RETAINED  (replaced 1 old row(s))
  [ 353/1123] TASK-21CFR11-45BF86F7  P=0.467  b=+0.134  RETAINED  (replaced 1 old row(s))
  [ 354/1123] TASK-GCP_DEVIATION-F84AA1D5  P=0.067  b=+2.639  RETAINED  (replaced 1 old row(s))
  [ 355/1123] TASK-PROMO_REVIEW-DE713615  P=0.800  b=-1.386  RETAINED  (replaced 1 old row(s))
  [ 356/1123] TASK-GMP_DEVIATION-6745E100  P=0.533  b=-0.134  RETAINED  (replaced 1 old row(s))
  [ 357/1123] TASK-INFORMED_CONSENT-28F1A28D  P=0.600  b=-0.406  RETAINED  (replaced 1 old row(s))
  [ 358/1123] TASK-EASY_TRAINING-505403F5  P=1.000  b=-4.595  RETAINED  (replaced 1 old row(s))
  [ 359/1123] TASK-21CFR11-09174E24  P=0.533  b=-0.134  RETAINED  (replaced 1 old row(s))
  [ 360/1123] TASK-GCP_DEVIATION-7BE5B982  P=0.000  b=+4.595  DISCARDED  (replaced 1 old row(s))
  [ 361/1123] TASK-PROMO_REVIEW-A05346AB  P=0.533  b=-0.134  RETAINED  (replaced 1 old row(s))
  [ 362/1123] TASK-GMP_DEVIATION-325E4B3A  P=0.000  b=+4.595  DISCARDED  (replaced 1 old row(s))
  [ 363/1123] TASK-INFORMED_CONSENT-B6E0DB77  P=0.067  b=+2.639  RETAINED  (replaced 1 old row(s))
  [ 364/1123] TASK-EASY_TRAINING-6319B2D6  P=1.000  b=-4.595  RETAINED  (replaced 1 old row(s))
  [ 365/1123] TASK-21CFR11-ABEB0E7D  P=0.933  b=-2.639  RETAINED  (replaced 1 old row(s))
  [ 366/1123] TASK-GCP_DEVIATION-58D7FFD1  P=0.000  b=+4.595  DISCARDED  (replaced 1 old row(s))
  [ 367/1123] TASK-PROMO_REVIEW-0C638146  P=0.467  b=+0.134  RETAINED  (replaced 1 old row(s))
  [ 368/1123] TASK-GMP_DEVIATION-7684549C  P=0.067  b=+2.639  RETAINED  (replaced 1 old row(s))
  [ 369/1123] TASK-INFORMED_CONSENT-2035CDA8  P=0.000  b=+4.595  DISCARDED  (replaced 1 old row(s))
  [ 370/1123] TASK-EASY_TRAINING-29F8A546  P=0.800  b=-1.386  RETAINED  (replaced 1 old row(s))
  [ 371/1123] TASK-21CFR11-4BFD5157  P=0.800  b=-1.386  RETAINED  (replaced 1 old row(s))
  [ 372/1123] TASK-GCP_DEVIATION-2C2BE4AC  P=0.200  b=+1.386  RETAINED  (replaced 1 old row(s))
  [ 373/1123] TASK-PROMO_REVIEW-C2DF8233  P=0.600  b=-0.406  RETAINED  (replaced 1 old row(s))
  [ 374/1123] TASK-GMP_DEVIATION-4DA8FC1D  P=0.400  b=+0.406  RETAINED  (replaced 1 old row(s))
  [ 375/1123] TASK-INFORMED_CONSENT-6D4538DE  P=0.467  b=+0.134  RETAINED  (replaced 1 old row(s))
  [ 376/1123] TASK-EASY_TRAINING-23EBAEEF  P=1.000  b=-4.595  RETAINED  (replaced 1 old row(s))
  [ 377/1123] TASK-21CFR11-1594C306  P=0.467  b=+0.134  RETAINED  (replaced 1 old row(s))
  [ 378/1123] TASK-GCP_DEVIATION-F7DBFAB1  P=0.000  b=+4.595  DISCARDED  (replaced 1 old row(s))
  [ 379/1123] TASK-PROMO_REVIEW-62B332C8  P=0.400  b=+0.406  RETAINED  (replaced 1 old row(s))
  [ 380/1123] TASK-GMP_DEVIATION-77A500EB  P=0.600  b=-0.406  RETAINED  (replaced 1 old row(s))
  [ 381/1123] TASK-INFORMED_CONSENT-7883C2D6  P=0.000  b=+4.595  DISCARDED  (replaced 1 old row(s))
  [ 382/1123] TASK-EASY_TRAINING-3A356155  P=1.000  b=-4.595  RETAINED  (replaced 1 old row(s))
  [ 383/1123] TASK-21CFR11-76176FD4  P=0.467  b=+0.134  RETAINED  (replaced 1 old row(s))
  [ 384/1123] TASK-GCP_DEVIATION-A19E57E5  P=0.200  b=+1.386  RETAINED  (replaced 1 old row(s))
  [ 385/1123] TASK-PROMO_REVIEW-49523B6E  P=0.733  b=-1.012  RETAINED  (replaced 1 old row(s))
  [ 386/1123] TASK-GMP_DEVIATION-73E2A031  P=0.267  b=+1.012  RETAINED  (replaced 1 old row(s))
  [ 387/1123] TASK-INFORMED_CONSENT-54655AA0  P=0.133  b=+1.872  RETAINED  (replaced 1 old row(s))
  [ 388/1123] TASK-EASY_TRAINING-960E02CF  P=1.000  b=-4.595  RETAINED  (replaced 1 old row(s))
  [ 389/1123] TASK-21CFR11-E48D5925  P=0.600  b=-0.406  RETAINED  (replaced 1 old row(s))
  [ 390/1123] TASK-GCP_DEVIATION-7260A1DB  P=0.000  b=+4.595  DISCARDED  (replaced 1 old row(s))
  [ 391/1123] TASK-PROMO_REVIEW-FF8EB6F3  P=0.400  b=+0.406  RETAINED  (replaced 1 old row(s))
  [ 392/1123] TASK-GMP_DEVIATION-A3782F30  P=0.133  b=+1.872  RETAINED  (replaced 1 old row(s))
  [ 393/1123] TASK-INFORMED_CONSENT-366020EB  P=0.133  b=+1.872  RETAINED  (replaced 1 old row(s))
  [ 394/1123] TASK-EASY_TRAINING-1DEEDBD6  P=1.000  b=-4.595  RETAINED  (replaced 1 old row(s))
  [ 395/1123] TASK-21CFR11-A1A97029  P=0.667  b=-0.693  RETAINED  (replaced 1 old row(s))
  [ 396/1123] TASK-GCP_DEVIATION-417DAAB5  P=0.067  b=+2.639  RETAINED  (replaced 1 old row(s))
  [ 397/1123] TASK-PROMO_REVIEW-C6212F5C  P=0.933  b=-2.639  RETAINED  (replaced 1 old row(s))
  [ 398/1123] TASK-GMP_DEVIATION-C2E06F16  P=0.467  b=+0.134  RETAINED  (replaced 1 old row(s))
  [ 399/1123] TASK-INFORMED_CONSENT-DF403F76  P=0.000  b=+4.595  DISCARDED  (replaced 1 old row(s))
  [ 400/1123] TASK-EASY_TRAINING-1375D74B  P=1.000  b=-4.595  RETAINED  (replaced 1 old row(s))

  ── Checkpoint 400/1123: 351 retained so far ──

  [ 401/1123] TASK-21CFR11-2FF8E19D  P=0.467  b=+0.134  RETAINED  (replaced 1 old row(s))
  [ 402/1123] TASK-GCP_DEVIATION-9F20B387  P=0.000  b=+4.595  DISCARDED  (replaced 1 old row(s))
  [ 403/1123] TASK-PROMO_REVIEW-4A7EDA42  P=0.400  b=+0.406  RETAINED  (replaced 1 old row(s))
  [ 404/1123] TASK-GMP_DEVIATION-0D45BE7C  P=0.467  b=+0.134  RETAINED  (replaced 1 old row(s))
  [ 405/1123] TASK-INFORMED_CONSENT-02A0B8A1  P=0.333  b=+0.693  RETAINED  (replaced 1 old row(s))
  [ 406/1123] TASK-EASY_TRAINING-15A12A35  P=1.000  b=-4.595  RETAINED  (replaced 1 old row(s))
  [ 407/1123] TASK-21CFR11-D8C5175C  P=0.733  b=-1.012  RETAINED  (replaced 1 old row(s))
  [ 408/1123] TASK-GCP_DEVIATION-72D55AB6  P=0.067  b=+2.639  RETAINED  (replaced 1 old row(s))
  [ 409/1123] TASK-PROMO_REVIEW-B4896033  P=0.333  b=+0.693  RETAINED  (replaced 1 old row(s))
  [ 410/1123] TASK-GMP_DEVIATION-847715F6  P=0.000  b=+4.595  DISCARDED  (replaced 1 old row(s))
  [ 411/1123] TASK-INFORMED_CONSENT-6FFB2E9E  P=0.533  b=-0.134  RETAINED  (replaced 1 old row(s))
  [ 412/1123] TASK-EASY_TRAINING-B3A6F9E3  P=0.867  b=-1.872  RETAINED  (replaced 1 old row(s))
  [ 413/1123] TASK-21CFR11-867C47E9  P=0.400  b=+0.406  RETAINED  (replaced 1 old row(s))
  [ 414/1123] TASK-GCP_DEVIATION-B9385017  P=0.000  b=+4.595  DISCARDED  (replaced 1 old row(s))
  [ 415/1123] TASK-PROMO_REVIEW-519F83A6  P=0.067  b=+2.639  RETAINED  (replaced 1 old row(s))
  [ 416/1123] TASK-GMP_DEVIATION-8E9D52C1  P=0.400  b=+0.406  RETAINED  (replaced 1 old row(s))
  [ 417/1123] TASK-INFORMED_CONSENT-7648A091  P=0.000  b=+4.595  DISCARDED  (replaced 1 old row(s))
  [ 418/1123] TASK-EASY_TRAINING-34448A9C  P=1.000  b=-4.595  RETAINED  (replaced 1 old row(s))
  [ 419/1123] TASK-21CFR11-7B29604A  P=0.400  b=+0.406  RETAINED  (replaced 1 old row(s))
  [ 420/1123] TASK-GCP_DEVIATION-549FD6C1  P=0.200  b=+1.386  RETAINED  (replaced 1 old row(s))
  [ 421/1123] TASK-PROMO_REVIEW-FE96A64E  P=0.267  b=+1.012  RETAINED  (replaced 1 old row(s))
  [ 422/1123] TASK-GMP_DEVIATION-75580632  P=0.267  b=+1.012  RETAINED  (replaced 1 old row(s))
  [ 423/1123] TASK-INFORMED_CONSENT-44D6A6C6  P=0.067  b=+2.639  RETAINED  (replaced 1 old row(s))
  [ 424/1123] TASK-EASY_TRAINING-7FBABAC6  P=0.800  b=-1.386  RETAINED  (replaced 1 old row(s))
  [ 425/1123] TASK-21CFR11-91AB7C71  P=0.667  b=-0.693  RETAINED  (replaced 1 old row(s))
  [ 426/1123] TASK-GCP_DEVIATION-A323F7C5  P=0.000  b=+4.595  DISCARDED  (replaced 1 old row(s))
  [ 427/1123] TASK-PROMO_REVIEW-B79F852B  P=0.133  b=+1.872  RETAINED  (replaced 1 old row(s))
  [ 428/1123] TASK-GMP_DEVIATION-4F951161  P=0.000  b=+4.595  DISCARDED  (replaced 1 old row(s))
  [ 429/1123] TASK-INFORMED_CONSENT-7F0EB46C  P=0.333  b=+0.693  RETAINED  (replaced 1 old row(s))
  [ 430/1123] TASK-EASY_TRAINING-7C1E5F7C  P=0.867  b=-1.872  RETAINED  (replaced 1 old row(s))
  [ 431/1123] TASK-21CFR11-EC8ABECD  P=0.667  b=-0.693  RETAINED  (replaced 1 old row(s))
  [ 432/1123] TASK-GCP_DEVIATION-2CC2F98D  P=0.000  b=+4.595  DISCARDED  (replaced 1 old row(s))
  [ 433/1123] TASK-PROMO_REVIEW-10B2C0C2  P=0.467  b=+0.134  RETAINED  (replaced 1 old row(s))
  [ 434/1123] TASK-GMP_DEVIATION-BE8EC2FF  P=0.800  b=-1.386  RETAINED  (replaced 1 old row(s))
  [ 435/1123] TASK-INFORMED_CONSENT-63F3C206  P=0.400  b=+0.406  RETAINED  (replaced 1 old row(s))
  [ 436/1123] TASK-EASY_TRAINING-68B0A1D0  P=1.000  b=-4.595  RETAINED  (replaced 1 old row(s))
  [ 437/1123] TASK-21CFR11-5F60C78F  P=0.467  b=+0.134  RETAINED  (replaced 1 old row(s))
  [ 438/1123] TASK-GCP_DEVIATION-2B3362E6  P=0.000  b=+4.595  DISCARDED  (replaced 1 old row(s))
  [ 439/1123] TASK-PROMO_REVIEW-B9F9D63F  P=0.333  b=+0.693  RETAINED  (replaced 1 old row(s))
  [ 440/1123] TASK-GMP_DEVIATION-ADF61E47  P=0.400  b=+0.406  RETAINED  (replaced 1 old row(s))
  [ 441/1123] TASK-INFORMED_CONSENT-57F99DF2  P=0.000  b=+4.595  DISCARDED  (replaced 1 old row(s))
  [ 442/1123] TASK-EASY_TRAINING-EEF0FCD0  P=1.000  b=-4.595  RETAINED  (replaced 1 old row(s))
  [ 443/1123] TASK-21CFR11-C4C6AA54  P=0.600  b=-0.406  RETAINED  (replaced 1 old row(s))
  [ 444/1123] TASK-GCP_DEVIATION-AD2DE2AA  P=0.267  b=+1.012  RETAINED  (replaced 1 old row(s))
  [ 445/1123] TASK-PROMO_REVIEW-B35243FB  P=0.600  b=-0.406  RETAINED  (replaced 1 old row(s))
  [ 446/1123] TASK-GMP_DEVIATION-6592B3BC  P=0.400  b=+0.406  RETAINED  (replaced 1 old row(s))
  [ 447/1123] TASK-INFORMED_CONSENT-9929394A  P=0.000  b=+4.595  DISCARDED  (replaced 1 old row(s))
  [ 448/1123] TASK-EASY_TRAINING-C5A29355  P=1.000  b=-4.595  RETAINED  (replaced 1 old row(s))
  [ 449/1123] TASK-21CFR11-9851B10E  P=0.667  b=-0.693  RETAINED  (replaced 1 old row(s))
  [ 450/1123] TASK-GCP_DEVIATION-6BDA0F3B  P=0.200  b=+1.386  RETAINED  (replaced 1 old row(s))

  ── Checkpoint 450/1123: 391 retained so far ──

  [ 451/1123] TASK-PROMO_REVIEW-B9D61F55  P=0.600  b=-0.406  RETAINED  (replaced 1 old row(s))
  [ 452/1123] TASK-GMP_DEVIATION-C3F7BE4E  P=0.467  b=+0.134  RETAINED  (replaced 1 old row(s))
  [ 453/1123] TASK-INFORMED_CONSENT-3966AE4B  P=0.533  b=-0.134  RETAINED  (replaced 1 old row(s))
  [ 454/1123] TASK-EASY_TRAINING-E9C31284  P=1.000  b=-4.595  RETAINED  (replaced 1 old row(s))
  [ 455/1123] TASK-21CFR11-2C21F214  P=0.533  b=-0.134  RETAINED  (replaced 1 old row(s))
  [ 456/1123] TASK-GCP_DEVIATION-7FA44B83  P=0.000  b=+4.595  DISCARDED  (replaced 1 old row(s))
  [ 457/1123] TASK-PROMO_REVIEW-CFEA6FB1  P=0.467  b=+0.134  RETAINED  (replaced 1 old row(s))
  [ 458/1123] TASK-GMP_DEVIATION-15AEDBA2  P=0.600  b=-0.406  RETAINED  (replaced 1 old row(s))
  [ 459/1123] TASK-INFORMED_CONSENT-7BABBAFB  P=0.000  b=+4.595  DISCARDED  (replaced 1 old row(s))
  [ 460/1123] TASK-EASY_TRAINING-9EA90395  P=1.000  b=-4.595  RETAINED  (replaced 1 old row(s))
  [ 461/1123] TASK-21CFR11-F0DABC3B  P=0.933  b=-2.639  RETAINED  (replaced 1 old row(s))
  [ 462/1123] TASK-GCP_DEVIATION-65327455  P=0.000  b=+4.595  DISCARDED  (replaced 1 old row(s))
  [ 463/1123] TASK-PROMO_REVIEW-49E9A866  P=0.200  b=+1.386  RETAINED  (replaced 1 old row(s))
  [ 464/1123] TASK-GMP_DEVIATION-B9B88A74  P=0.600  b=-0.406  RETAINED  (replaced 1 old row(s))
  [ 465/1123] TASK-INFORMED_CONSENT-6798D396  P=0.000  b=+4.595  DISCARDED  (replaced 1 old row(s))
  [ 466/1123] TASK-EASY_TRAINING-FA582432  P=1.000  b=-4.595  RETAINED  (replaced 1 old row(s))
  [ 467/1123] TASK-21CFR11-AA221028  P=0.600  b=-0.406  RETAINED  (replaced 1 old row(s))
  [ 468/1123] TASK-GCP_DEVIATION-588C0A6C  P=0.000  b=+4.595  DISCARDED  (replaced 1 old row(s))
  [ 469/1123] TASK-PROMO_REVIEW-6DD3B92B  P=0.467  b=+0.134  RETAINED  (replaced 1 old row(s))
  [ 470/1123] TASK-GMP_DEVIATION-482855B6  P=0.333  b=+0.693  RETAINED  (replaced 1 old row(s))
  [ 471/1123] TASK-INFORMED_CONSENT-0AE16877  P=0.067  b=+2.639  RETAINED  (replaced 1 old row(s))
  [ 472/1123] TASK-EASY_TRAINING-6EFF9C35  P=0.933  b=-2.639  RETAINED  (replaced 1 old row(s))
  [ 473/1123] TASK-21CFR11-D3B410B2  P=0.467  b=+0.134  RETAINED  (replaced 1 old row(s))
  [ 474/1123] TASK-GCP_DEVIATION-E6D0E403  P=0.200  b=+1.386  RETAINED  (replaced 1 old row(s))
  [ 475/1123] TASK-PROMO_REVIEW-DA6F13BA  P=0.467  b=+0.134  RETAINED  (replaced 1 old row(s))
  [ 476/1123] TASK-GMP_DEVIATION-A8B6ED2A  P=0.333  b=+0.693  RETAINED  (replaced 1 old row(s))
  [ 477/1123] TASK-INFORMED_CONSENT-DF4CC4FB  P=0.067  b=+2.639  RETAINED  (replaced 1 old row(s))
  [ 478/1123] TASK-EASY_TRAINING-2575D920  P=1.000  b=-4.595  RETAINED  (replaced 1 old row(s))
  [ 479/1123] TASK-21CFR11-D86FF6DA  P=0.733  b=-1.012  RETAINED  (replaced 1 old row(s))
  [ 480/1123] TASK-GCP_DEVIATION-959496F3  P=0.200  b=+1.386  RETAINED  (replaced 1 old row(s))
  [ 481/1123] TASK-PROMO_REVIEW-3C34CCA8  P=0.200  b=+1.386  RETAINED  (replaced 1 old row(s))
  [ 482/1123] TASK-GMP_DEVIATION-C48E5E1D  P=0.400  b=+0.406  RETAINED  (replaced 1 old row(s))
  [ 483/1123] TASK-INFORMED_CONSENT-A445F0D2  P=0.533  b=-0.134  RETAINED  (replaced 1 old row(s))
  [ 484/1123] TASK-EASY_TRAINING-04D51919  P=1.000  b=-4.595  RETAINED  (replaced 1 old row(s))
  [ 485/1123] TASK-21CFR11-D279F98E  P=0.400  b=+0.406  RETAINED  (replaced 1 old row(s))
  [ 486/1123] TASK-GCP_DEVIATION-E3DA5529  P=0.467  b=+0.134  RETAINED  (replaced 1 old row(s))
  [ 487/1123] TASK-PROMO_REVIEW-DBF61E0D  P=0.067  b=+2.639  RETAINED  (replaced 1 old row(s))
  [ 488/1123] TASK-GMP_DEVIATION-C88228FE  P=0.400  b=+0.406  RETAINED  (replaced 1 old row(s))
  [ 489/1123] TASK-INFORMED_CONSENT-03C44CFB  P=0.200  b=+1.386  RETAINED  (replaced 1 old row(s))
  [ 490/1123] TASK-EASY_TRAINING-50BD74C2  P=1.000  b=-4.595  RETAINED  (replaced 1 old row(s))
  [ 491/1123] TASK-21CFR11-D6A04C53  P=0.467  b=+0.134  RETAINED  (replaced 1 old row(s))
  [ 492/1123] TASK-GCP_DEVIATION-014E4A65  P=0.000  b=+4.595  DISCARDED  (replaced 1 old row(s))
  [ 493/1123] TASK-PROMO_REVIEW-1117ECC0  P=0.400  b=+0.406  RETAINED  (replaced 1 old row(s))
  [ 494/1123] TASK-GMP_DEVIATION-F53C729C  P=0.533  b=-0.134  RETAINED  (replaced 1 old row(s))
  [ 495/1123] TASK-INFORMED_CONSENT-9EF1C144  P=0.267  b=+1.012  RETAINED  (replaced 1 old row(s))
  [ 496/1123] TASK-EASY_TRAINING-5CD9B47F  P=0.933  b=-2.639  RETAINED  (replaced 1 old row(s))
  [ 497/1123] TASK-21CFR11-DAFE8F75  P=0.400  b=+0.406  RETAINED  (replaced 1 old row(s))
  [ 498/1123] TASK-GCP_DEVIATION-C396DEFD  P=0.000  b=+4.595  DISCARDED  (replaced 1 old row(s))
  [ 499/1123] TASK-PROMO_REVIEW-BD7A3A1A  P=0.667  b=-0.693  RETAINED  (replaced 1 old row(s))
  [ 500/1123] TASK-GMP_DEVIATION-582CBB27  P=0.267  b=+1.012  RETAINED  (replaced 1 old row(s))

  ── Checkpoint 500/1123: 434 retained so far ──

  [ 501/1123] TASK-INFORMED_CONSENT-9F2A6951  P=0.333  b=+0.693  RETAINED  (replaced 1 old row(s))
  [ 502/1123] TASK-EASY_TRAINING-7E1377FD  P=1.000  b=-4.595  RETAINED  (replaced 1 old row(s))
  [ 503/1123] TASK-21CFR11-66219D00  P=1.000  b=-4.595  RETAINED  (replaced 1 old row(s))
  [ 504/1123] TASK-GCP_DEVIATION-2A9DBDE9  P=0.200  b=+1.386  RETAINED  (replaced 1 old row(s))
  [ 505/1123] TASK-PROMO_REVIEW-A5EE1E53  P=0.267  b=+1.012  RETAINED  (replaced 1 old row(s))
  [ 506/1123] TASK-GMP_DEVIATION-D32D4BBC  P=0.467  b=+0.134  RETAINED  (replaced 1 old row(s))
  [ 507/1123] TASK-INFORMED_CONSENT-34DCBC14  P=0.533  b=-0.134  RETAINED  (replaced 1 old row(s))
  [ 508/1123] TASK-EASY_TRAINING-9FDBA28D  P=1.000  b=-4.595  RETAINED  (replaced 1 old row(s))
  [ 509/1123] TASK-21CFR11-63CAB37E  P=0.800  b=-1.386  RETAINED  (replaced 1 old row(s))
  [ 510/1123] TASK-GCP_DEVIATION-D3F47F38  P=0.000  b=+4.595  DISCARDED  (replaced 1 old row(s))
  [ 511/1123] TASK-PROMO_REVIEW-3B8C6622  P=0.667  b=-0.693  RETAINED  (replaced 1 old row(s))
  [ 512/1123] TASK-GMP_DEVIATION-5F8A57B9  P=0.000  b=+4.595  DISCARDED  (replaced 1 old row(s))
  [ 513/1123] TASK-INFORMED_CONSENT-DBA1E4B3  P=0.000  b=+4.595  DISCARDED  (replaced 1 old row(s))
  [ 514/1123] TASK-EASY_TRAINING-199AEC82  P=1.000  b=-4.595  RETAINED  (replaced 1 old row(s))
  [ 515/1123] TASK-21CFR11-B96A47B0  P=0.667  b=-0.693  RETAINED  (replaced 1 old row(s))
  [ 516/1123] TASK-GCP_DEVIATION-30F5B349  P=0.400  b=+0.406  RETAINED  (replaced 1 old row(s))
  [ 517/1123] TASK-PROMO_REVIEW-5E383E87  P=0.733  b=-1.012  RETAINED  (replaced 1 old row(s))
  [ 518/1123] TASK-GMP_DEVIATION-61C8BD65  P=0.000  b=+4.595  DISCARDED  (replaced 1 old row(s))
  [ 519/1123] TASK-INFORMED_CONSENT-A89758E4  P=0.267  b=+1.012  RETAINED  (replaced 1 old row(s))
  [ 520/1123] TASK-EASY_TRAINING-E3DB897C  P=1.000  b=-4.595  RETAINED  (replaced 1 old row(s))
  [ 521/1123] TASK-21CFR11-E6B8B06A  P=0.600  b=-0.406  RETAINED  (replaced 1 old row(s))
  [ 522/1123] TASK-GCP_DEVIATION-E5591EB2  P=0.333  b=+0.693  RETAINED  (replaced 1 old row(s))
  [ 523/1123] TASK-PROMO_REVIEW-7558A8E8  P=0.467  b=+0.134  RETAINED  (replaced 1 old row(s))
  [ 524/1123] TASK-GMP_DEVIATION-4CEA5E5F  P=0.600  b=-0.406  RETAINED  (replaced 1 old row(s))
  [ 525/1123] TASK-INFORMED_CONSENT-8AC26725  P=0.267  b=+1.012  RETAINED  (replaced 1 old row(s))
  [ 526/1123] TASK-EASY_TRAINING-9207450F  P=1.000  b=-4.595  RETAINED  (replaced 1 old row(s))
  [ 527/1123] TASK-21CFR11-EEC58F00  P=0.867  b=-1.872  RETAINED  (replaced 1 old row(s))
  [ 528/1123] TASK-GCP_DEVIATION-E895D24E  P=0.200  b=+1.386  RETAINED  (replaced 1 old row(s))
  [ 529/1123] TASK-PROMO_REVIEW-72DFE810  P=0.733  b=-1.012  RETAINED  (replaced 1 old row(s))
  [ 530/1123] TASK-GMP_DEVIATION-8E8A55E4  P=0.600  b=-0.406  RETAINED  (replaced 1 old row(s))
  [ 531/1123] TASK-INFORMED_CONSENT-25B55B58  P=0.067  b=+2.639  RETAINED  (replaced 1 old row(s))
  [ 532/1123] TASK-EASY_TRAINING-E81C4A23  P=1.000  b=-4.595  RETAINED  (replaced 1 old row(s))
  [ 533/1123] TASK-21CFR11-C1CB4963  P=0.333  b=+0.693  RETAINED  (replaced 1 old row(s))
  [ 534/1123] TASK-GCP_DEVIATION-69C4E724  P=0.533  b=-0.134  RETAINED  (replaced 1 old row(s))
  [ 535/1123] TASK-PROMO_REVIEW-EF5E6EB9  P=0.533  b=-0.134  RETAINED  (replaced 1 old row(s))
  [ 536/1123] TASK-GMP_DEVIATION-60C93DA6  P=0.600  b=-0.406  RETAINED  (replaced 1 old row(s))
  [ 537/1123] TASK-INFORMED_CONSENT-02DF15D7  P=0.000  b=+4.595  DISCARDED  (replaced 1 old row(s))
  [ 538/1123] TASK-EASY_TRAINING-E697C963  P=1.000  b=-4.595  RETAINED  (replaced 1 old row(s))
  [ 539/1123] TASK-21CFR11-448BD6D0  P=0.733  b=-1.012  RETAINED  (replaced 1 old row(s))
  [ 540/1123] TASK-GCP_DEVIATION-52206C12  P=0.667  b=-0.693  RETAINED  (replaced 1 old row(s))
  [ 541/1123] TASK-PROMO_REVIEW-F500076C  P=0.733  b=-1.012  RETAINED  (replaced 1 old row(s))
  [ 542/1123] TASK-GMP_DEVIATION-0C1B126F  P=0.600  b=-0.406  RETAINED  (replaced 1 old row(s))
  [ 543/1123] TASK-INFORMED_CONSENT-72742042  P=0.000  b=+4.595  DISCARDED  (replaced 1 old row(s))
  [ 544/1123] TASK-EASY_TRAINING-C4530466  P=1.000  b=-4.595  RETAINED  (replaced 1 old row(s))
  [ 545/1123] TASK-21CFR11-809095C4  P=0.867  b=-1.872  RETAINED  (replaced 1 old row(s))
  [ 546/1123] TASK-GCP_DEVIATION-D2186E33  P=0.600  b=-0.406  RETAINED  (replaced 1 old row(s))
  [ 547/1123] TASK-PROMO_REVIEW-F6002700  P=0.600  b=-0.406  RETAINED  (replaced 1 old row(s))
  [ 548/1123] TASK-GMP_DEVIATION-C9CCBBB5  P=0.133  b=+1.872  RETAINED  (replaced 1 old row(s))
  [ 549/1123] TASK-INFORMED_CONSENT-4285FB76  P=0.133  b=+1.872  RETAINED  (replaced 1 old row(s))
  [ 550/1123] TASK-EASY_TRAINING-70E54795  P=1.000  b=-4.595  RETAINED  (replaced 1 old row(s))

  ── Checkpoint 550/1123: 478 retained so far ──

  [ 551/1123] TASK-21CFR11-B4635127  P=0.467  b=+0.134  RETAINED  (replaced 1 old row(s))
  [ 552/1123] TASK-GCP_DEVIATION-E7BB4F71  P=0.267  b=+1.012  RETAINED  (replaced 1 old row(s))
  [ 553/1123] TASK-PROMO_REVIEW-ED6DCEA1  P=0.333  b=+0.693  RETAINED  (replaced 1 old row(s))
  [ 554/1123] TASK-GMP_DEVIATION-348FD44A  P=0.067  b=+2.639  RETAINED  (replaced 1 old row(s))
  [ 555/1123] TASK-INFORMED_CONSENT-1E025145  P=0.067  b=+2.639  RETAINED  (replaced 1 old row(s))
  [ 556/1123] TASK-EASY_TRAINING-11503C1C  P=1.000  b=-4.595  RETAINED  (replaced 1 old row(s))
  [ 557/1123] TASK-21CFR11-1781DCA3  P=0.600  b=-0.406  RETAINED  (replaced 1 old row(s))
  [ 558/1123] TASK-GCP_DEVIATION-CF845347  P=0.200  b=+1.386  RETAINED  (replaced 1 old row(s))
  [ 559/1123] TASK-PROMO_REVIEW-122928AB  P=0.667  b=-0.693  RETAINED  (replaced 1 old row(s))
  [ 560/1123] TASK-GMP_DEVIATION-9E9C2F69  P=0.600  b=-0.406  RETAINED  (replaced 1 old row(s))
  [ 561/1123] TASK-INFORMED_CONSENT-0CD014DD  P=0.200  b=+1.386  RETAINED  (replaced 1 old row(s))
  [ 562/1123] TASK-EASY_TRAINING-26C03D1F  P=1.000  b=-4.595  RETAINED  (replaced 1 old row(s))
  [ 563/1123] TASK-21CFR11-6651B0F6  P=0.667  b=-0.693  RETAINED  (replaced 1 old row(s))
  [ 564/1123] TASK-GCP_DEVIATION-AA890AAB  P=0.667  b=-0.693  RETAINED  (replaced 1 old row(s))
  [ 565/1123] TASK-PROMO_REVIEW-BBA2D1E6  P=0.533  b=-0.134  RETAINED  (replaced 1 old row(s))
  [ 566/1123] TASK-GMP_DEVIATION-37FD7A4E  P=0.400  b=+0.406  RETAINED  (replaced 1 old row(s))
  [ 567/1123] TASK-INFORMED_CONSENT-9D72E742  P=0.400  b=+0.406  RETAINED  (replaced 1 old row(s))
  [ 568/1123] TASK-EASY_TRAINING-CC2286DD  P=1.000  b=-4.595  RETAINED  (replaced 1 old row(s))
  [ 569/1123] TASK-21CFR11-1FC4B663  P=0.333  b=+0.693  RETAINED  (replaced 1 old row(s))
  [ 570/1123] TASK-GCP_DEVIATION-97F23AB5  P=0.333  b=+0.693  RETAINED  (replaced 1 old row(s))
  [ 571/1123] TASK-PROMO_REVIEW-60F88DE9  P=0.533  b=-0.134  RETAINED  (replaced 1 old row(s))
  [ 572/1123] TASK-GMP_DEVIATION-3F7513C3  P=0.267  b=+1.012  RETAINED  (replaced 1 old row(s))
  [ 573/1123] TASK-INFORMED_CONSENT-71099B14  P=0.000  b=+4.595  DISCARDED  (replaced 1 old row(s))
  [ 574/1123] TASK-EASY_TRAINING-9F3E2F58  P=1.000  b=-4.595  RETAINED  (replaced 1 old row(s))
  [ 575/1123] TASK-21CFR11-3DAF9527  P=0.933  b=-2.639  RETAINED  (replaced 1 old row(s))
  [ 576/1123] TASK-GCP_DEVIATION-BDA13260  P=0.000  b=+4.595  DISCARDED  (replaced 1 old row(s))
  [ 577/1123] TASK-PROMO_REVIEW-2CDDE6AE  P=0.467  b=+0.134  RETAINED  (replaced 1 old row(s))
  [ 578/1123] TASK-GMP_DEVIATION-4FA27C90  P=0.467  b=+0.134  RETAINED  (replaced 1 old row(s))
  [ 579/1123] TASK-INFORMED_CONSENT-9BEA833D  P=0.400  b=+0.406  RETAINED  (replaced 1 old row(s))
  [ 580/1123] TASK-EASY_TRAINING-47A4B92F  P=1.000  b=-4.595  RETAINED  (replaced 1 old row(s))
  [ 581/1123] TASK-21CFR11-20BB7545  P=0.733  b=-1.012  RETAINED  (replaced 1 old row(s))
  [ 582/1123] TASK-GCP_DEVIATION-AA228DF8  P=0.000  b=+4.595  DISCARDED  (replaced 1 old row(s))
  [ 583/1123] TASK-PROMO_REVIEW-75043C39  P=0.333  b=+0.693  RETAINED  (replaced 1 old row(s))
  [ 584/1123] TASK-GMP_DEVIATION-C705271A  P=0.600  b=-0.406  RETAINED  (replaced 1 old row(s))
  [ 585/1123] TASK-INFORMED_CONSENT-6328BD05  P=0.200  b=+1.386  RETAINED  (replaced 1 old row(s))
  [ 586/1123] TASK-EASY_TRAINING-8D6C4019  P=1.000  b=-4.595  RETAINED  (replaced 1 old row(s))
  [ 587/1123] TASK-21CFR11-A26EC591  P=0.333  b=+0.693  RETAINED  (replaced 1 old row(s))
  [ 588/1123] TASK-GCP_DEVIATION-758CC4F7  P=0.133  b=+1.872  RETAINED  (replaced 1 old row(s))
  [ 589/1123] TASK-PROMO_REVIEW-3F884C2D  P=0.533  b=-0.134  RETAINED  (replaced 1 old row(s))
  [ 590/1123] TASK-GMP_DEVIATION-3A74642F  P=0.733  b=-1.012  RETAINED  (replaced 1 old row(s))
  [ 591/1123] TASK-INFORMED_CONSENT-D09C7A32  P=0.000  b=+4.595  DISCARDED  (replaced 1 old row(s))
  [ 592/1123] TASK-EASY_TRAINING-6D42562E  P=1.000  b=-4.595  RETAINED  (replaced 1 old row(s))
  [ 593/1123] TASK-21CFR11-7850F092  P=0.400  b=+0.406  RETAINED  (replaced 1 old row(s))
  [ 594/1123] TASK-GCP_DEVIATION-27E56716  P=0.067  b=+2.639  RETAINED  (replaced 1 old row(s))
  [ 595/1123] TASK-PROMO_REVIEW-182B51CC  P=0.533  b=-0.134  RETAINED  (replaced 1 old row(s))
  [ 596/1123] TASK-GMP_DEVIATION-3F7A2CD6  P=0.400  b=+0.406  RETAINED  (replaced 1 old row(s))
  [ 597/1123] TASK-INFORMED_CONSENT-74CABB2A  P=0.000  b=+4.595  DISCARDED  (replaced 1 old row(s))
  [ 598/1123] TASK-EASY_TRAINING-694A5473  P=0.933  b=-2.639  RETAINED  (replaced 1 old row(s))
  [ 599/1123] TASK-21CFR11-267E3D57  P=0.533  b=-0.134  RETAINED  (replaced 1 old row(s))
  [ 600/1123] TASK-GCP_DEVIATION-7B890BBE  P=0.467  b=+0.134  RETAINED  (replaced 1 old row(s))

  ── Checkpoint 600/1123: 523 retained so far ──

  [ 601/1123] TASK-PROMO_REVIEW-434FE663  P=0.400  b=+0.406  RETAINED  (replaced 1 old row(s))
  [ 602/1123] TASK-GMP_DEVIATION-0ED52AE1  P=0.000  b=+4.595  DISCARDED  (replaced 1 old row(s))
  [ 603/1123] TASK-INFORMED_CONSENT-2C472DBE  P=0.467  b=+0.134  RETAINED  (replaced 1 old row(s))
  [ 604/1123] TASK-EASY_TRAINING-D5DAF465  P=1.000  b=-4.595  RETAINED  (replaced 1 old row(s))
  [ 605/1123] TASK-21CFR11-362EB54A  P=0.333  b=+0.693  RETAINED  (replaced 1 old row(s))
  [ 606/1123] TASK-GCP_DEVIATION-C10B3BF5  P=0.600  b=-0.406  RETAINED  (replaced 1 old row(s))
  [ 607/1123] TASK-PROMO_REVIEW-8AD13E3B  P=0.400  b=+0.406  RETAINED  (replaced 1 old row(s))
  [ 608/1123] TASK-GMP_DEVIATION-A8561CD1  P=0.000  b=+4.595  DISCARDED  (replaced 1 old row(s))
  [ 609/1123] TASK-INFORMED_CONSENT-69B680AD  P=0.200  b=+1.386  RETAINED  (replaced 1 old row(s))
  [ 610/1123] TASK-EASY_TRAINING-C2263FA5  P=1.000  b=-4.595  RETAINED  (replaced 1 old row(s))
  [ 611/1123] TASK-21CFR11-9349FE64  P=0.800  b=-1.386  RETAINED  (replaced 1 old row(s))
  [ 612/1123] TASK-GCP_DEVIATION-6D4368AF  P=0.467  b=+0.134  RETAINED  (replaced 1 old row(s))
  [ 613/1123] TASK-PROMO_REVIEW-83885B10  P=0.200  b=+1.386  RETAINED  (replaced 1 old row(s))
  [ 614/1123] TASK-GMP_DEVIATION-B5F76590  P=0.133  b=+1.872  RETAINED  (replaced 1 old row(s))
  [ 615/1123] TASK-INFORMED_CONSENT-A2895DFA  P=0.467  b=+0.134  RETAINED  (replaced 1 old row(s))
  [ 616/1123] TASK-EASY_TRAINING-2C52D0F5  P=1.000  b=-4.595  RETAINED  (replaced 1 old row(s))
  [ 617/1123] TASK-21CFR11-C3DD486A  P=0.400  b=+0.406  RETAINED  (replaced 1 old row(s))
  [ 618/1123] TASK-GCP_DEVIATION-BD9600B1  P=0.467  b=+0.134  RETAINED  (replaced 1 old row(s))
  [ 619/1123] TASK-PROMO_REVIEW-8A431C6C  P=0.400  b=+0.406  RETAINED  (replaced 1 old row(s))
  [ 620/1123] TASK-GMP_DEVIATION-DABE7967  P=0.000  b=+4.595  DISCARDED  (replaced 1 old row(s))
  [ 621/1123] TASK-INFORMED_CONSENT-AB878525  P=0.067  b=+2.639  RETAINED  (replaced 1 old row(s))
  [ 622/1123] TASK-EASY_TRAINING-B422720D  P=1.000  b=-4.595  RETAINED  (replaced 1 old row(s))
  [ 623/1123] TASK-21CFR11-5C5C2BD5  P=1.000  b=-4.595  RETAINED  (replaced 1 old row(s))
  [ 624/1123] TASK-GCP_DEVIATION-8620DF7F  P=0.067  b=+2.639  RETAINED  (replaced 1 old row(s))
  [ 625/1123] TASK-PROMO_REVIEW-0C317575  P=0.533  b=-0.134  RETAINED  (replaced 1 old row(s))
  [ 626/1123] TASK-GMP_DEVIATION-6049DE49  P=0.133  b=+1.872  RETAINED  (replaced 1 old row(s))
  [ 627/1123] TASK-INFORMED_CONSENT-6A4EBB4F  P=0.400  b=+0.406  RETAINED  (replaced 1 old row(s))
  [ 628/1123] TASK-EASY_TRAINING-DB09266C  P=0.867  b=-1.872  RETAINED  (replaced 1 old row(s))
  [ 629/1123] TASK-21CFR11-870D7ED6  P=0.533  b=-0.134  RETAINED  (replaced 1 old row(s))
  [ 630/1123] TASK-GCP_DEVIATION-682CCDD5  P=0.000  b=+4.595  DISCARDED  (replaced 1 old row(s))
  [ 631/1123] TASK-PROMO_REVIEW-3B0C6315  P=0.600  b=-0.406  RETAINED  (replaced 1 old row(s))
  [ 632/1123] TASK-GMP_DEVIATION-4D88E53B  P=0.400  b=+0.406  RETAINED  (replaced 1 old row(s))
  [ 633/1123] TASK-INFORMED_CONSENT-8473AF05  P=0.000  b=+4.595  DISCARDED  (replaced 1 old row(s))
  [ 634/1123] TASK-EASY_TRAINING-38F4EFB7  P=1.000  b=-4.595  RETAINED  (replaced 1 old row(s))
  [ 635/1123] TASK-21CFR11-321CBAAD  P=1.000  b=-4.595  RETAINED  (replaced 1 old row(s))
  [ 636/1123] TASK-GCP_DEVIATION-9B53977E  P=0.000  b=+4.595  DISCARDED  (replaced 1 old row(s))
  [ 637/1123] TASK-PROMO_REVIEW-3E8FF850  P=0.667  b=-0.693  RETAINED  (replaced 1 old row(s))
  [ 638/1123] TASK-GMP_DEVIATION-51583B5B  P=0.467  b=+0.134  RETAINED  (replaced 1 old row(s))
  [ 639/1123] TASK-INFORMED_CONSENT-A86F7C8A  P=0.267  b=+1.012  RETAINED  (replaced 1 old row(s))
  [ 640/1123] TASK-EASY_TRAINING-B645707F  P=1.000  b=-4.595  RETAINED  (replaced 1 old row(s))
  [ 641/1123] TASK-21CFR11-EBEFA92A  P=0.600  b=-0.406  RETAINED  (replaced 1 old row(s))
  [ 642/1123] TASK-GCP_DEVIATION-98D27116  P=0.200  b=+1.386  RETAINED  (replaced 1 old row(s))
  [ 643/1123] TASK-PROMO_REVIEW-2110EA65  P=0.133  b=+1.872  RETAINED  (replaced 1 old row(s))
  [ 644/1123] TASK-GMP_DEVIATION-1C28DCAC  P=0.533  b=-0.134  RETAINED  (replaced 1 old row(s))
  [ 645/1123] TASK-INFORMED_CONSENT-3B05D620  P=0.467  b=+0.134  RETAINED  (replaced 1 old row(s))
  [ 646/1123] TASK-EASY_TRAINING-BC36CD02  P=1.000  b=-4.595  RETAINED  (replaced 1 old row(s))
  [ 647/1123] TASK-21CFR11-F3502F2A  P=0.400  b=+0.406  RETAINED  (replaced 1 old row(s))
  [ 648/1123] TASK-GCP_DEVIATION-7855F5EC  P=0.200  b=+1.386  RETAINED  (replaced 1 old row(s))
  [ 649/1123] TASK-PROMO_REVIEW-70940039  P=0.533  b=-0.134  RETAINED  (replaced 1 old row(s))
  [ 650/1123] TASK-GMP_DEVIATION-C6BAD27A  P=0.000  b=+4.595  DISCARDED  (replaced 1 old row(s))

  ── Checkpoint 650/1123: 566 retained so far ──

  [ 651/1123] TASK-INFORMED_CONSENT-82997A50  P=0.067  b=+2.639  RETAINED  (replaced 1 old row(s))
  [ 652/1123] TASK-EASY_TRAINING-5A4C33BB  P=1.000  b=-4.595  RETAINED  (replaced 1 old row(s))
  [ 653/1123] TASK-21CFR11-8B36E313  P=0.400  b=+0.406  RETAINED  (replaced 1 old row(s))
  [ 654/1123] TASK-GCP_DEVIATION-CF5D7301  P=0.000  b=+4.595  DISCARDED  (replaced 1 old row(s))
  [ 655/1123] TASK-PROMO_REVIEW-5481579B  P=0.733  b=-1.012  RETAINED  (replaced 1 old row(s))
  [ 656/1123] TASK-GMP_DEVIATION-9F20D0AA  P=0.000  b=+4.595  DISCARDED  (replaced 1 old row(s))
  [ 657/1123] TASK-INFORMED_CONSENT-5608EDF5  P=0.067  b=+2.639  RETAINED  (replaced 1 old row(s))
  [ 658/1123] TASK-EASY_TRAINING-44692011  P=1.000  b=-4.595  RETAINED  (replaced 1 old row(s))
  [ 659/1123] TASK-21CFR11-FBB1133D  P=0.933  b=-2.639  RETAINED  (replaced 1 old row(s))
  [ 660/1123] TASK-GCP_DEVIATION-75CDED56  P=0.000  b=+4.595  DISCARDED  (replaced 1 old row(s))
  [ 661/1123] TASK-PROMO_REVIEW-76D46FC8  P=0.000  b=+4.595  DISCARDED  (replaced 1 old row(s))
  [ 662/1123] TASK-GMP_DEVIATION-F9DA0AC1  P=0.533  b=-0.134  RETAINED  (replaced 1 old row(s))
  [ 663/1123] TASK-INFORMED_CONSENT-107A4CEA  P=0.333  b=+0.693  RETAINED  (replaced 1 old row(s))
  [ 664/1123] TASK-EASY_TRAINING-8FFAF6EC  P=1.000  b=-4.595  RETAINED  (replaced 1 old row(s))
  [ 665/1123] TASK-21CFR11-0C582D7D  P=0.600  b=-0.406  RETAINED  (replaced 1 old row(s))
  [ 666/1123] TASK-GCP_DEVIATION-8E488162  P=0.000  b=+4.595  DISCARDED  (replaced 1 old row(s))
  [ 667/1123] TASK-PROMO_REVIEW-07CA36B1  P=0.600  b=-0.406  RETAINED  (replaced 1 old row(s))
  [ 668/1123] TASK-GMP_DEVIATION-59AA30E3  P=0.200  b=+1.386  RETAINED  (replaced 1 old row(s))
  [ 669/1123] TASK-INFORMED_CONSENT-4A8CE8CC  P=0.133  b=+1.872  RETAINED  (replaced 1 old row(s))
  [ 670/1123] TASK-EASY_TRAINING-6CF1FA3C  P=1.000  b=-4.595  RETAINED  (replaced 1 old row(s))
  [ 671/1123] TASK-21CFR11-872AF65C  P=0.533  b=-0.134  RETAINED  (replaced 1 old row(s))
  [ 672/1123] TASK-GCP_DEVIATION-7851F868  P=0.000  b=+4.595  DISCARDED  (replaced 1 old row(s))
  [ 673/1123] TASK-PROMO_REVIEW-06A0CA4F  P=0.267  b=+1.012  RETAINED  (replaced 1 old row(s))
  [ 674/1123] TASK-GMP_DEVIATION-ABADE22B  P=0.533  b=-0.134  RETAINED  (replaced 1 old row(s))
  [ 675/1123] TASK-INFORMED_CONSENT-1341128C  P=0.200  b=+1.386  RETAINED  (replaced 1 old row(s))
  [ 676/1123] TASK-EASY_TRAINING-04B29BEC  P=1.000  b=-4.595  RETAINED  (replaced 1 old row(s))
  [ 677/1123] TASK-21CFR11-D14BBE95  P=0.867  b=-1.872  RETAINED  (replaced 1 old row(s))
  [ 678/1123] TASK-GCP_DEVIATION-84919B28  P=0.000  b=+4.595  DISCARDED  (replaced 1 old row(s))
  [ 679/1123] TASK-PROMO_REVIEW-E953976A  P=0.600  b=-0.406  RETAINED  (replaced 1 old row(s))
  [ 680/1123] TASK-GMP_DEVIATION-AF894FA0  P=0.400  b=+0.406  RETAINED  (replaced 1 old row(s))
  [ 681/1123] TASK-INFORMED_CONSENT-54ABA530  P=0.200  b=+1.386  RETAINED  (replaced 1 old row(s))
  [ 682/1123] TASK-EASY_TRAINING-26FEA6F0  P=1.000  b=-4.595  RETAINED  (replaced 1 old row(s))
  [ 683/1123] TASK-21CFR11-C827CEDC  P=0.533  b=-0.134  RETAINED  (replaced 1 old row(s))
  [ 684/1123] TASK-GCP_DEVIATION-F26ACDC2  P=0.333  b=+0.693  RETAINED  (replaced 1 old row(s))
  [ 685/1123] TASK-PROMO_REVIEW-3FF972AA  P=0.800  b=-1.386  RETAINED  (replaced 1 old row(s))
  [ 686/1123] TASK-GMP_DEVIATION-733DBF48  P=0.133  b=+1.872  RETAINED  (replaced 1 old row(s))
  [ 687/1123] TASK-INFORMED_CONSENT-F7DE0BEA  P=0.200  b=+1.386  RETAINED  (replaced 1 old row(s))
  [ 688/1123] TASK-EASY_TRAINING-008D24DE  P=0.933  b=-2.639  RETAINED  (replaced 1 old row(s))
  [ 689/1123] TASK-21CFR11-44C1A1D2  P=0.867  b=-1.872  RETAINED  (replaced 1 old row(s))
  [ 690/1123] TASK-GCP_DEVIATION-1787F002  P=0.000  b=+4.595  DISCARDED  (replaced 1 old row(s))
  [ 691/1123] TASK-PROMO_REVIEW-31F4573E  P=0.333  b=+0.693  RETAINED  (replaced 1 old row(s))
  [ 692/1123] TASK-GMP_DEVIATION-005AEE85  P=0.667  b=-0.693  RETAINED  (replaced 1 old row(s))
  [ 693/1123] TASK-INFORMED_CONSENT-3C238770  P=0.267  b=+1.012  RETAINED  (replaced 1 old row(s))
  [ 694/1123] TASK-EASY_TRAINING-FDC6C5E0  P=1.000  b=-4.595  RETAINED  (replaced 1 old row(s))
  [ 695/1123] TASK-21CFR11-45249410  P=0.667  b=-0.693  RETAINED  (replaced 1 old row(s))
  [ 696/1123] TASK-GCP_DEVIATION-294BAFC5  P=0.467  b=+0.134  RETAINED  (replaced 1 old row(s))
  [ 697/1123] TASK-PROMO_REVIEW-ECBC743E  P=0.733  b=-1.012  RETAINED  (replaced 1 old row(s))
  [ 698/1123] TASK-GMP_DEVIATION-529B4ABB  P=0.333  b=+0.693  RETAINED  (replaced 1 old row(s))
  [ 699/1123] TASK-INFORMED_CONSENT-E9B5240B  P=0.000  b=+4.595  DISCARDED  (replaced 1 old row(s))
  [ 700/1123] TASK-EASY_TRAINING-44EB63EA  P=0.800  b=-1.386  RETAINED  (replaced 1 old row(s))

  ── Checkpoint 700/1123: 607 retained so far ──

  [ 701/1123] TASK-21CFR11-E9434B70  P=0.667  b=-0.693  RETAINED  (replaced 1 old row(s))
  [ 702/1123] TASK-GCP_DEVIATION-953353AE  P=0.533  b=-0.134  RETAINED  (replaced 1 old row(s))
  [ 703/1123] TASK-PROMO_REVIEW-C93FBB11  P=0.467  b=+0.134  RETAINED  (replaced 1 old row(s))
  [ 704/1123] TASK-GMP_DEVIATION-2F20944F  P=0.000  b=+4.595  DISCARDED  (replaced 1 old row(s))
  [ 705/1123] TASK-INFORMED_CONSENT-319BDBC8  P=0.000  b=+4.595  DISCARDED  (replaced 1 old row(s))
  [ 706/1123] TASK-EASY_TRAINING-768D35F8  P=1.000  b=-4.595  RETAINED  (replaced 1 old row(s))
  [ 707/1123] TASK-21CFR11-F0C21CB6  P=0.667  b=-0.693  RETAINED  (replaced 1 old row(s))
  [ 708/1123] TASK-GCP_DEVIATION-60C43DA9  P=0.000  b=+4.595  DISCARDED  (replaced 1 old row(s))
  [ 709/1123] TASK-PROMO_REVIEW-90577BBD  P=0.467  b=+0.134  RETAINED  (replaced 1 old row(s))
  [ 710/1123] TASK-GMP_DEVIATION-E912666F  P=0.400  b=+0.406  RETAINED  (replaced 1 old row(s))
  [ 711/1123] TASK-INFORMED_CONSENT-40A1D683  P=0.000  b=+4.595  DISCARDED  (replaced 1 old row(s))
  [ 712/1123] TASK-EASY_TRAINING-C54FF7D1  P=1.000  b=-4.595  RETAINED  (replaced 1 old row(s))
  [ 713/1123] TASK-21CFR11-441EA0D9  P=0.200  b=+1.386  RETAINED  (replaced 1 old row(s))
  [ 714/1123] TASK-GCP_DEVIATION-EAF83F40  P=0.533  b=-0.134  RETAINED  (replaced 1 old row(s))
  [ 715/1123] TASK-PROMO_REVIEW-60C33AE0  P=0.400  b=+0.406  RETAINED  (replaced 1 old row(s))
  [ 716/1123] TASK-GMP_DEVIATION-3D41DD51  P=0.067  b=+2.639  RETAINED  (replaced 1 old row(s))
  [ 717/1123] TASK-INFORMED_CONSENT-0AB85582  P=0.333  b=+0.693  RETAINED  (replaced 1 old row(s))
  [ 718/1123] TASK-EASY_TRAINING-A3057FC5  P=1.000  b=-4.595  RETAINED  (replaced 1 old row(s))
  [ 719/1123] TASK-21CFR11-DD10FDDD  P=0.667  b=-0.693  RETAINED  (replaced 1 old row(s))
  [ 720/1123] TASK-GCP_DEVIATION-A13CC75C  P=0.067  b=+2.639  RETAINED  (replaced 1 old row(s))
  [ 721/1123] TASK-PROMO_REVIEW-CB266F48  P=0.000  b=+4.595  DISCARDED  (replaced 1 old row(s))
  [ 722/1123] TASK-GMP_DEVIATION-D945081C  P=0.000  b=+4.595  DISCARDED  (replaced 1 old row(s))
  [ 723/1123] TASK-INFORMED_CONSENT-7EA51318  P=0.533  b=-0.134  RETAINED  (replaced 1 old row(s))
  [ 724/1123] TASK-EASY_TRAINING-CE83081E  P=1.000  b=-4.595  RETAINED  (replaced 1 old row(s))
  [ 725/1123] TASK-21CFR11-08298194  P=0.800  b=-1.386  RETAINED  (replaced 1 old row(s))
  [ 726/1123] TASK-GCP_DEVIATION-F252E850  P=0.000  b=+4.595  DISCARDED  (replaced 1 old row(s))
  [ 727/1123] TASK-PROMO_REVIEW-89D8DDCC  P=0.600  b=-0.406  RETAINED  (replaced 1 old row(s))
  [ 728/1123] TASK-GMP_DEVIATION-35C2CBF8  P=0.200  b=+1.386  RETAINED  (replaced 1 old row(s))
  [ 729/1123] TASK-INFORMED_CONSENT-D60E56D6  P=0.067  b=+2.639  RETAINED  (replaced 1 old row(s))
  [ 730/1123] TASK-EASY_TRAINING-66F42F24  P=1.000  b=-4.595  RETAINED  (replaced 1 old row(s))
  [ 731/1123] TASK-21CFR11-9B8FFCC4  P=0.533  b=-0.134  RETAINED  (replaced 1 old row(s))
  [ 732/1123] TASK-GCP_DEVIATION-31CBE307  P=0.667  b=-0.693  RETAINED  (replaced 1 old row(s))
  [ 733/1123] TASK-PROMO_REVIEW-B1E9BEBF  P=0.000  b=+4.595  DISCARDED  (replaced 1 old row(s))
  [ 734/1123] TASK-GMP_DEVIATION-50E58331  P=0.667  b=-0.693  RETAINED  (replaced 1 old row(s))
  [ 735/1123] TASK-INFORMED_CONSENT-B4744225  P=0.000  b=+4.595  DISCARDED  (replaced 1 old row(s))
  [ 736/1123] TASK-EASY_TRAINING-BC9A8FC0  P=1.000  b=-4.595  RETAINED  (replaced 1 old row(s))
  [ 737/1123] TASK-21CFR11-2333F952  P=0.933  b=-2.639  RETAINED  (replaced 1 old row(s))
  [ 738/1123] TASK-GCP_DEVIATION-CF6C1CDB  P=0.000  b=+4.595  DISCARDED  (replaced 1 old row(s))
  [ 739/1123] TASK-PROMO_REVIEW-47A9E551  P=0.533  b=-0.134  RETAINED  (replaced 1 old row(s))
  [ 740/1123] TASK-GMP_DEVIATION-941DA970  P=0.067  b=+2.639  RETAINED  (replaced 1 old row(s))
  [ 741/1123] TASK-INFORMED_CONSENT-B1277FF0  P=0.067  b=+2.639  RETAINED  (replaced 1 old row(s))
  [ 742/1123] TASK-EASY_TRAINING-3CED5BD3  P=1.000  b=-4.595  RETAINED  (replaced 1 old row(s))
  [ 743/1123] TASK-21CFR11-32F8F608  P=0.267  b=+1.012  RETAINED  (replaced 1 old row(s))
  [ 744/1123] TASK-GCP_DEVIATION-BA064DD9  P=0.000  b=+4.595  DISCARDED  (replaced 1 old row(s))
  [ 745/1123] TASK-PROMO_REVIEW-9E1F4E73  P=0.600  b=-0.406  RETAINED  (replaced 1 old row(s))
  [ 746/1123] TASK-GMP_DEVIATION-FCCB28D1  P=0.600  b=-0.406  RETAINED  (replaced 1 old row(s))
  [ 747/1123] TASK-INFORMED_CONSENT-58495E16  P=0.200  b=+1.386  RETAINED  (replaced 1 old row(s))
  [ 748/1123] TASK-EASY_TRAINING-939F8BEB  P=0.800  b=-1.386  RETAINED  (replaced 1 old row(s))
  [ 749/1123] TASK-21CFR11-F8C0942E  P=0.467  b=+0.134  RETAINED  (replaced 1 old row(s))
  [ 750/1123] TASK-GCP_DEVIATION-DB9DEEC3  P=0.000  b=+4.595  DISCARDED  (replaced 1 old row(s))

  ── Checkpoint 750/1123: 645 retained so far ──

  [ 751/1123] TASK-PROMO_REVIEW-8456835B  P=0.133  b=+1.872  RETAINED  (replaced 1 old row(s))
  [ 752/1123] TASK-GMP_DEVIATION-ABD7AB10  P=0.333  b=+0.693  RETAINED  (replaced 1 old row(s))
  [ 753/1123] TASK-INFORMED_CONSENT-F7F4FA41  P=0.000  b=+4.595  DISCARDED  (replaced 1 old row(s))
  [ 754/1123] TASK-EASY_TRAINING-97595F15  P=1.000  b=-4.595  RETAINED  (replaced 1 old row(s))
  [ 755/1123] TASK-21CFR11-F966FC6C  P=0.600  b=-0.406  RETAINED  (replaced 1 old row(s))
  [ 756/1123] TASK-GCP_DEVIATION-7CCE35D1  P=0.067  b=+2.639  RETAINED  (replaced 1 old row(s))
  [ 757/1123] TASK-PROMO_REVIEW-4DBD729F  P=0.333  b=+0.693  RETAINED  (replaced 1 old row(s))
  [ 758/1123] TASK-GMP_DEVIATION-AA328847  P=0.533  b=-0.134  RETAINED  (replaced 1 old row(s))
  [ 759/1123] TASK-INFORMED_CONSENT-CBB39183  P=0.133  b=+1.872  RETAINED  (replaced 1 old row(s))
  [ 760/1123] TASK-EASY_TRAINING-42476ABA  P=0.933  b=-2.639  RETAINED  (replaced 1 old row(s))
  [ 761/1123] TASK-21CFR11-594140EE  P=0.467  b=+0.134  RETAINED  (replaced 1 old row(s))
  [ 762/1123] TASK-GCP_DEVIATION-81478346  P=0.000  b=+4.595  DISCARDED  (replaced 1 old row(s))
  [ 763/1123] TASK-PROMO_REVIEW-435DD896  P=0.000  b=+4.595  DISCARDED  (replaced 1 old row(s))
  [ 764/1123] TASK-GMP_DEVIATION-511EADF8  P=0.600  b=-0.406  RETAINED  (replaced 1 old row(s))
  [ 765/1123] TASK-INFORMED_CONSENT-4ACC790C  P=0.000  b=+4.595  DISCARDED  (replaced 1 old row(s))
  [ 766/1123] TASK-EASY_TRAINING-6FCAF0C6  P=1.000  b=-4.595  RETAINED  (replaced 1 old row(s))
  [ 767/1123] TASK-21CFR11-19806FDD  P=0.667  b=-0.693  RETAINED  (replaced 1 old row(s))
  [ 768/1123] TASK-GCP_DEVIATION-B9597D51  P=0.067  b=+2.639  RETAINED  (replaced 1 old row(s))
  [ 769/1123] TASK-PROMO_REVIEW-511C80DB  P=0.067  b=+2.639  RETAINED  (replaced 1 old row(s))
  [ 770/1123] TASK-GMP_DEVIATION-7E7D8DB3  P=0.000  b=+4.595  DISCARDED  (replaced 1 old row(s))
  [ 771/1123] TASK-INFORMED_CONSENT-994179EC  P=0.400  b=+0.406  RETAINED  (replaced 1 old row(s))
  [ 772/1123] TASK-EASY_TRAINING-E7A357FD  P=0.933  b=-2.639  RETAINED  (replaced 1 old row(s))
  [ 773/1123] TASK-21CFR11-03082319  P=1.000  b=-4.595  RETAINED  (replaced 1 old row(s))
  [ 774/1123] TASK-GCP_DEVIATION-CE479B1A  P=0.600  b=-0.406  RETAINED  (replaced 1 old row(s))
  [ 775/1123] TASK-PROMO_REVIEW-2AE04464  P=0.200  b=+1.386  RETAINED  (replaced 1 old row(s))
  [ 776/1123] TASK-GMP_DEVIATION-3DEF2029  P=0.000  b=+4.595  DISCARDED  (replaced 1 old row(s))
  [ 777/1123] TASK-INFORMED_CONSENT-41507672  P=0.333  b=+0.693  RETAINED  (replaced 1 old row(s))
  [ 778/1123] TASK-EASY_TRAINING-9D8EB503  P=1.000  b=-4.595  RETAINED  (replaced 1 old row(s))
  [ 779/1123] TASK-21CFR11-7AEE93D0  P=0.467  b=+0.134  RETAINED  (replaced 1 old row(s))
  [ 780/1123] TASK-GCP_DEVIATION-D58BCAAD  P=0.600  b=-0.406  RETAINED  (replaced 1 old row(s))
  [ 781/1123] TASK-PROMO_REVIEW-513275B2  P=0.533  b=-0.134  RETAINED  (replaced 1 old row(s))
  [ 782/1123] TASK-GMP_DEVIATION-A2748BDF  P=0.400  b=+0.406  RETAINED  (replaced 1 old row(s))
  [ 783/1123] TASK-INFORMED_CONSENT-E1519DE4  P=0.067  b=+2.639  RETAINED  (replaced 1 old row(s))
  [ 784/1123] TASK-EASY_TRAINING-D666BC49  P=1.000  b=-4.595  RETAINED  (replaced 1 old row(s))
  [ 785/1123] TASK-21CFR11-5AB65A4E  P=1.000  b=-4.595  RETAINED  (replaced 1 old row(s))
  [ 786/1123] TASK-GCP_DEVIATION-937955DA  P=0.200  b=+1.386  RETAINED  (replaced 1 old row(s))
  [ 787/1123] TASK-PROMO_REVIEW-497341A2  P=0.133  b=+1.872  RETAINED  (replaced 1 old row(s))
  [ 788/1123] TASK-GMP_DEVIATION-DA882293  P=0.733  b=-1.012  RETAINED  (replaced 1 old row(s))
  [ 789/1123] TASK-INFORMED_CONSENT-9902A654  P=0.267  b=+1.012  RETAINED  (replaced 1 old row(s))
  [ 790/1123] TASK-EASY_TRAINING-C83537FC  P=1.000  b=-4.595  RETAINED  (replaced 1 old row(s))
  [ 791/1123] TASK-21CFR11-8C5B4EB4  P=0.867  b=-1.872  RETAINED  (replaced 1 old row(s))
  [ 792/1123] TASK-GCP_DEVIATION-620FFF95  P=0.000  b=+4.595  DISCARDED  (replaced 1 old row(s))
  [ 793/1123] TASK-PROMO_REVIEW-5B682A63  P=0.533  b=-0.134  RETAINED  (replaced 1 old row(s))
  [ 794/1123] TASK-GMP_DEVIATION-A899A53A  P=0.733  b=-1.012  RETAINED  (replaced 1 old row(s))
  [ 795/1123] TASK-INFORMED_CONSENT-3E8376E0  P=0.000  b=+4.595  DISCARDED  (replaced 1 old row(s))
  [ 796/1123] TASK-EASY_TRAINING-48F7A58F  P=1.000  b=-4.595  RETAINED  (replaced 1 old row(s))
  [ 797/1123] TASK-21CFR11-57E0EFBA  P=0.667  b=-0.693  RETAINED  (replaced 1 old row(s))
  [ 798/1123] TASK-GCP_DEVIATION-82311F8A  P=0.000  b=+4.595  DISCARDED  (replaced 1 old row(s))
  [ 799/1123] TASK-PROMO_REVIEW-1782007E  P=0.267  b=+1.012  RETAINED  (replaced 1 old row(s))
  [ 800/1123] TASK-GMP_DEVIATION-1C86E2AF  P=0.267  b=+1.012  RETAINED  (replaced 1 old row(s))

  ── Checkpoint 800/1123: 686 retained so far ──

  [ 801/1123] TASK-INFORMED_CONSENT-E9C4A53B  P=0.267  b=+1.012  RETAINED  (replaced 1 old row(s))
  [ 802/1123] TASK-EASY_TRAINING-AC4F45BC  P=1.000  b=-4.595  RETAINED  (replaced 1 old row(s))
  [ 803/1123] TASK-21CFR11-04D679FD  P=0.667  b=-0.693  RETAINED  (replaced 1 old row(s))
  [ 804/1123] TASK-GCP_DEVIATION-621578E8  P=0.000  b=+4.595  DISCARDED  (replaced 1 old row(s))
  [ 805/1123] TASK-PROMO_REVIEW-E48FE71D  P=0.600  b=-0.406  RETAINED  (replaced 1 old row(s))
  [ 806/1123] TASK-GMP_DEVIATION-392763C5  P=0.267  b=+1.012  RETAINED  (replaced 1 old row(s))
  [ 807/1123] TASK-INFORMED_CONSENT-8AC44977  P=0.000  b=+4.595  DISCARDED  (replaced 1 old row(s))
  [ 808/1123] TASK-EASY_TRAINING-00FD1F7D  P=1.000  b=-4.595  RETAINED  (replaced 1 old row(s))
  [ 809/1123] TASK-21CFR11-13DB1F3B  P=0.800  b=-1.386  RETAINED  (replaced 1 old row(s))
  [ 810/1123] TASK-GCP_DEVIATION-2C0C81C8  P=0.200  b=+1.386  RETAINED  (replaced 1 old row(s))
  [ 811/1123] TASK-PROMO_REVIEW-6059AC84  P=0.000  b=+4.595  DISCARDED  (replaced 1 old row(s))
  [ 812/1123] TASK-GMP_DEVIATION-01EFBC0A  P=0.533  b=-0.134  RETAINED  (replaced 1 old row(s))
  [ 813/1123] TASK-INFORMED_CONSENT-F0A28C20  P=0.000  b=+4.595  DISCARDED  (replaced 1 old row(s))
  [ 814/1123] TASK-EASY_TRAINING-E49A7A48  P=1.000  b=-4.595  RETAINED  (replaced 1 old row(s))
  [ 815/1123] TASK-21CFR11-8C648EB6  P=0.600  b=-0.406  RETAINED  (replaced 1 old row(s))
  [ 816/1123] TASK-GCP_DEVIATION-A40466C6  P=0.667  b=-0.693  RETAINED  (replaced 1 old row(s))
  [ 817/1123] TASK-PROMO_REVIEW-9B967BA5  P=0.333  b=+0.693  RETAINED  (replaced 1 old row(s))
  [ 818/1123] TASK-GMP_DEVIATION-3169EF28  P=0.533  b=-0.134  RETAINED  (replaced 1 old row(s))
  [ 819/1123] TASK-INFORMED_CONSENT-2AB1EED4  P=0.067  b=+2.639  RETAINED  (replaced 1 old row(s))
  [ 820/1123] TASK-EASY_TRAINING-0FB6D927  P=0.933  b=-2.639  RETAINED  (replaced 1 old row(s))
  [ 821/1123] TASK-21CFR11-48DE7D18  P=0.533  b=-0.134  RETAINED  (replaced 1 old row(s))
  [ 822/1123] TASK-GCP_DEVIATION-A9564F8D  P=0.067  b=+2.639  RETAINED  (replaced 1 old row(s))
  [ 823/1123] TASK-PROMO_REVIEW-0FB6D836  P=0.667  b=-0.693  RETAINED  (replaced 1 old row(s))
  [ 824/1123] TASK-GMP_DEVIATION-DE7DBC75  P=0.467  b=+0.134  RETAINED  (replaced 1 old row(s))
  [ 825/1123] TASK-INFORMED_CONSENT-D8554890  P=0.200  b=+1.386  RETAINED  (replaced 1 old row(s))
  [ 826/1123] TASK-EASY_TRAINING-BBDC0611  P=1.000  b=-4.595  RETAINED  (replaced 1 old row(s))
  [ 827/1123] TASK-21CFR11-E80BF5E2  P=0.400  b=+0.406  RETAINED  (replaced 1 old row(s))
  [ 828/1123] TASK-GCP_DEVIATION-8D3A0EFB  P=0.000  b=+4.595  DISCARDED  (replaced 1 old row(s))
  [ 829/1123] TASK-PROMO_REVIEW-0F4F8C7E  P=0.600  b=-0.406  RETAINED  (replaced 1 old row(s))
  [ 830/1123] TASK-GMP_DEVIATION-B6828483  P=0.000  b=+4.595  DISCARDED  (replaced 1 old row(s))
  [ 831/1123] TASK-INFORMED_CONSENT-1489D56E  P=0.400  b=+0.406  RETAINED  (replaced 1 old row(s))
  [ 832/1123] TASK-EASY_TRAINING-7838B586  P=1.000  b=-4.595  RETAINED  (replaced 1 old row(s))
  [ 833/1123] TASK-21CFR11-93C6F19B  P=0.800  b=-1.386  RETAINED  (replaced 1 old row(s))
  [ 834/1123] TASK-GCP_DEVIATION-FE4AE57F  P=0.533  b=-0.134  RETAINED  (replaced 1 old row(s))
  [ 835/1123] TASK-PROMO_REVIEW-02EE6E23  P=0.800  b=-1.386  RETAINED  (replaced 1 old row(s))
  [ 836/1123] TASK-GMP_DEVIATION-CF51F3CA  P=0.000  b=+4.595  DISCARDED  (replaced 1 old row(s))
  [ 837/1123] TASK-INFORMED_CONSENT-29AB6158  P=0.000  b=+4.595  DISCARDED  (replaced 1 old row(s))
  [ 838/1123] TASK-EASY_TRAINING-E45FFED5  P=1.000  b=-4.595  RETAINED  (replaced 1 old row(s))
  [ 839/1123] TASK-21CFR11-6AF6037F  P=0.867  b=-1.872  RETAINED  (replaced 1 old row(s))
  [ 840/1123] TASK-GCP_DEVIATION-088495F1  P=0.133  b=+1.872  RETAINED  (replaced 1 old row(s))
  [ 841/1123] TASK-PROMO_REVIEW-85ED6A02  P=0.533  b=-0.134  RETAINED  (replaced 1 old row(s))
  [ 842/1123] TASK-GMP_DEVIATION-D2CFACF8  P=0.800  b=-1.386  RETAINED  (replaced 1 old row(s))
  [ 843/1123] TASK-INFORMED_CONSENT-5C792F76  P=0.200  b=+1.386  RETAINED  (replaced 1 old row(s))
  [ 844/1123] TASK-EASY_TRAINING-B458A504  P=1.000  b=-4.595  RETAINED  (replaced 1 old row(s))
  [ 845/1123] TASK-21CFR11-464DB11F  P=0.600  b=-0.406  RETAINED  (replaced 1 old row(s))
  [ 846/1123] TASK-GCP_DEVIATION-0D1611D3  P=0.133  b=+1.872  RETAINED  (replaced 1 old row(s))
  [ 847/1123] TASK-PROMO_REVIEW-B40B023E  P=0.600  b=-0.406  RETAINED  (replaced 1 old row(s))
  [ 848/1123] TASK-GMP_DEVIATION-B8A91798  P=0.000  b=+4.595  DISCARDED  (replaced 1 old row(s))
  [ 849/1123] TASK-INFORMED_CONSENT-4A2EFB50  P=0.333  b=+0.693  RETAINED  (replaced 1 old row(s))
  [ 850/1123] TASK-EASY_TRAINING-0518F353  P=1.000  b=-4.595  RETAINED  (replaced 1 old row(s))

  ── Checkpoint 850/1123: 727 retained so far ──

  [ 851/1123] TASK-21CFR11-11C42329  P=0.600  b=-0.406  RETAINED  (replaced 1 old row(s))
  [ 852/1123] TASK-GCP_DEVIATION-89A96ACD  P=0.000  b=+4.595  DISCARDED  (replaced 1 old row(s))
  [ 853/1123] TASK-PROMO_REVIEW-F6754224  P=0.600  b=-0.406  RETAINED  (replaced 1 old row(s))
  [ 854/1123] TASK-GMP_DEVIATION-25C743D3  P=0.000  b=+4.595  DISCARDED  (replaced 1 old row(s))
  [ 855/1123] TASK-INFORMED_CONSENT-F7854483  P=0.067  b=+2.639  RETAINED  (replaced 1 old row(s))
  [ 856/1123] TASK-EASY_TRAINING-5EF0EFE2  P=1.000  b=-4.595  RETAINED  (replaced 1 old row(s))
  [ 857/1123] TASK-21CFR11-E4FE891F  P=0.467  b=+0.134  RETAINED  (replaced 1 old row(s))
  [ 858/1123] TASK-GCP_DEVIATION-CBD6ACBC  P=0.600  b=-0.406  RETAINED  (replaced 1 old row(s))
  [ 859/1123] TASK-PROMO_REVIEW-258CDE4E  P=0.200  b=+1.386  RETAINED  (replaced 1 old row(s))
  [ 860/1123] TASK-GMP_DEVIATION-8B9D663E  P=0.000  b=+4.595  DISCARDED  (replaced 1 old row(s))
  [ 861/1123] TASK-INFORMED_CONSENT-1FBD8848  P=0.000  b=+4.595  DISCARDED  (replaced 1 old row(s))
  [ 862/1123] TASK-EASY_TRAINING-246D3818  P=0.933  b=-2.639  RETAINED  (replaced 1 old row(s))
  [ 863/1123] TASK-21CFR11-A986A9D9  P=0.600  b=-0.406  RETAINED  (replaced 1 old row(s))
  [ 864/1123] TASK-GCP_DEVIATION-17112088  P=0.000  b=+4.595  DISCARDED  (replaced 1 old row(s))
  [ 865/1123] TASK-PROMO_REVIEW-EBE8ABF6  P=0.133  b=+1.872  RETAINED  (replaced 1 old row(s))
  [ 866/1123] TASK-GMP_DEVIATION-468D8A46  P=0.067  b=+2.639  RETAINED  (replaced 1 old row(s))
  [ 867/1123] TASK-INFORMED_CONSENT-C90CEB41  P=0.067  b=+2.639  RETAINED  (replaced 1 old row(s))
  [ 868/1123] TASK-EASY_TRAINING-F4D8FA0A  P=1.000  b=-4.595  RETAINED  (replaced 1 old row(s))
  [ 869/1123] TASK-21CFR11-E275D489  P=0.333  b=+0.693  RETAINED  (replaced 1 old row(s))
  [ 870/1123] TASK-GCP_DEVIATION-7F0E0674  P=0.467  b=+0.134  RETAINED  (replaced 1 old row(s))
  [ 871/1123] TASK-PROMO_REVIEW-43A597D5  P=0.600  b=-0.406  RETAINED  (replaced 1 old row(s))
  [ 872/1123] TASK-GMP_DEVIATION-D3F5A65A  P=0.533  b=-0.134  RETAINED  (replaced 1 old row(s))
  [ 873/1123] TASK-INFORMED_CONSENT-7FB4ABF1  P=0.400  b=+0.406  RETAINED  (replaced 1 old row(s))
  [ 874/1123] TASK-EASY_TRAINING-36D0684C  P=1.000  b=-4.595  RETAINED  (replaced 1 old row(s))
  [ 875/1123] TASK-21CFR11-449DEE17  P=0.933  b=-2.639  RETAINED  (replaced 1 old row(s))
  [ 876/1123] TASK-GCP_DEVIATION-6E3BC97F  P=0.133  b=+1.872  RETAINED  (replaced 1 old row(s))
  [ 877/1123] TASK-PROMO_REVIEW-B613FFDD  P=0.733  b=-1.012  RETAINED  (replaced 1 old row(s))
  [ 878/1123] TASK-GMP_DEVIATION-A664EE03  P=0.000  b=+4.595  DISCARDED  (replaced 1 old row(s))
  [ 879/1123] TASK-INFORMED_CONSENT-16862E1C  P=0.133  b=+1.872  RETAINED  (replaced 1 old row(s))
  [ 880/1123] TASK-EASY_TRAINING-F946697B  P=1.000  b=-4.595  RETAINED  (replaced 1 old row(s))
  [ 881/1123] TASK-21CFR11-EE535D25  P=0.733  b=-1.012  RETAINED  (replaced 1 old row(s))
  [ 882/1123] TASK-GCP_DEVIATION-A4D3C01A  P=0.000  b=+4.595  DISCARDED  (replaced 1 old row(s))
  [ 883/1123] TASK-PROMO_REVIEW-C513F9F3  P=0.533  b=-0.134  RETAINED  (replaced 1 old row(s))
  [ 884/1123] TASK-GMP_DEVIATION-C3B04323  P=0.400  b=+0.406  RETAINED  (replaced 1 old row(s))
  [ 885/1123] TASK-INFORMED_CONSENT-375783B6  P=0.000  b=+4.595  DISCARDED  (replaced 1 old row(s))
  [ 886/1123] TASK-EASY_TRAINING-28B8FC9D  P=1.000  b=-4.595  RETAINED  (replaced 1 old row(s))
  [ 887/1123] TASK-21CFR11-A64B2D6E  P=0.467  b=+0.134  RETAINED  (replaced 1 old row(s))
  [ 888/1123] TASK-GCP_DEVIATION-1A719459  P=0.133  b=+1.872  RETAINED  (replaced 1 old row(s))
  [ 889/1123] TASK-PROMO_REVIEW-5C654141  P=0.800  b=-1.386  RETAINED  (replaced 1 old row(s))
  [ 890/1123] TASK-GMP_DEVIATION-EB6FF6D5  P=0.267  b=+1.012  RETAINED  (replaced 1 old row(s))
  [ 891/1123] TASK-INFORMED_CONSENT-9E694FAB  P=0.000  b=+4.595  DISCARDED  (replaced 1 old row(s))
  [ 892/1123] TASK-EASY_TRAINING-94C2BE77  P=1.000  b=-4.595  RETAINED  (replaced 1 old row(s))
  [ 893/1123] TASK-21CFR11-F227AB61  P=0.267  b=+1.012  RETAINED  (replaced 1 old row(s))
  [ 894/1123] TASK-GCP_DEVIATION-2694A225  P=0.133  b=+1.872  RETAINED  (replaced 1 old row(s))
  [ 895/1123] TASK-PROMO_REVIEW-D14C2FE4  P=0.000  b=+4.595  DISCARDED  (replaced 1 old row(s))
  [ 896/1123] TASK-GMP_DEVIATION-A8195CEC  P=0.600  b=-0.406  RETAINED  (replaced 1 old row(s))
  [ 897/1123] TASK-INFORMED_CONSENT-7596E90A  P=0.000  b=+4.595  DISCARDED  (replaced 1 old row(s))
  [ 898/1123] TASK-EASY_TRAINING-798D565D  P=0.933  b=-2.639  RETAINED  (replaced 1 old row(s))
  [ 899/1123] TASK-21CFR11-5DEC79FE  P=0.667  b=-0.693  RETAINED  (replaced 1 old row(s))
  [ 900/1123] TASK-GCP_DEVIATION-47E286C4  P=0.000  b=+4.595  DISCARDED  (replaced 1 old row(s))

  ── Checkpoint 900/1123: 765 retained so far ──

  [ 901/1123] TASK-PROMO_REVIEW-8AACBB19  P=0.000  b=+4.595  DISCARDED  (replaced 1 old row(s))
  [ 902/1123] TASK-GMP_DEVIATION-00B65EF6  P=0.600  b=-0.406  RETAINED  (replaced 1 old row(s))
  [ 903/1123] TASK-INFORMED_CONSENT-11C7CB3C  P=0.000  b=+4.595  DISCARDED  (replaced 1 old row(s))
  [ 904/1123] TASK-EASY_TRAINING-1ACC3535  P=1.000  b=-4.595  RETAINED  (replaced 1 old row(s))
  [ 905/1123] TASK-21CFR11-A86B3314  P=0.200  b=+1.386  RETAINED  (replaced 1 old row(s))
  [ 906/1123] TASK-GCP_DEVIATION-C3703867  